Component: ARM Compiler 5.05 update 2 (build 169) Tool: armlink [4d0f33]

==============================================================================

Section Cross References

    main.o(i.main) refers to jpstm32_sysclk.o(i.sysclkInit) for sysclkInit
    main.o(i.main) refers to jpstm32_sysclk.o(i.delayInit) for delayInit
    main.o(i.main) refers to debug_usart.o(i.usart_init) for usart_init
    main.o(i.main) refers to zigbee_usart.o(i.zigbee_usart_init) for zigbee_usart_init
    main.o(i.main) refers to sys.o(i.JTAG_Set) for JTAG_Set
    main.o(i.main) refers to zigbee_usart.o(i.zigbee_send) for zigbee_send
    main.o(i.main) refers to debug_usart.o(i.put_c) for put_c
    main.o(i.main) refers to debug_usart.o(.data) for Usart1_RFinish
    main.o(i.main) refers to debug_usart.o(.bss) for Usart1_RBuffer
    main.o(i.main) refers to zigbee_usart.o(.data) for ZigbeeR_Finish
    main.o(i.main) refers to zigbee_usart.o(.bss) for zigbee_buffer
    run.o(i.analysis) refers to run.o(i.run) for run
    run.o(i.analysis) refers to zigbee_usart.o(.bss) for zigbee_buffer
    run.o(i.interface_init) refers to myiic.o(i.IIC_Init) for IIC_Init
    run.o(i.interface_init) refers to bh1750.o(i.bh1750_init) for bh1750_init
    run.o(i.interface_init) refers to co2.o(i.CO2_Init) for CO2_Init
    run.o(i.response) refers to zigbee_usart.o(i.zigbee_send) for zigbee_send
    run.o(i.response) refers to run.o(.bss) for res_buffer
    run.o(i.response) refers to run.o(.data) for res_len
    run.o(i.run) refers to sht20.o(i.sht20_measure) for sht20_measure
    run.o(i.run) refers to ffixu.o(x$fpl$ffixu) for __aeabi_f2uiz
    run.o(i.run) refers to fflt_clz.o(x$fpl$ffltu) for __aeabi_ui2f
    run.o(i.run) refers to faddsub_clz.o(x$fpl$frsb) for __aeabi_frsub
    run.o(i.run) refers to fmul.o(x$fpl$fmul) for __aeabi_fmul
    run.o(i.run) refers to run.o(i.response) for response
    run.o(i.run) refers to debug_usart.o(i.put_c) for put_c
    run.o(i.run) refers to jpstm32_sysclk.o(i.delayMs) for delayMs
    run.o(i.run) refers to vml6070.o(i.vml6070_measure) for vml6070_measure
    run.o(i.run) refers to run.o(.data) for res_len
    ws2812b.o(i.ws2812b_clear) refers to ws2812b.o(i.ws2812b_en) for ws2812b_en
    ws2812b.o(i.ws2812b_clear) refers to ws2812b.o(.bss) for PixelBuffer
    ws2812b.o(i.ws2812b_init) refers to ws2812b.o(.bss) for PixelBuffer
    ws2812b.o(i.ws2812b_pixel_en) refers to ws2812b.o(i.ws2812b_en) for ws2812b_en
    ws2812b.o(i.ws2812b_pixel_en) refers to ws2812b.o(.bss) for PixelBuffer
    co2.o(i.CO2_Init) refers to usart3.o(i.usart3_init) for usart3_init
    co2.o(i.CO2_Measure) refers to usart3.o(i.Usart3_send) for Usart3_send
    co2.o(i.CO2_Measure) refers to co2.o(.data) for CO2_R_COM
    co2.o(i.CO2_Measure) refers to usart3.o(.data) for UsartR_Finished
    co2.o(i.CO2_Measure) refers to usart3.o(.bss) for Usart3Buffer
    debug_usart.o(i.USART1_IRQHandler) refers to debug_usart.o(.bss) for usart_buffer
    debug_usart.o(i.USART1_IRQHandler) refers to debug_usart.o(.data) for Usart1_RFinish
    debug_usart.o(i.usart_init) refers to fflt_clz.o(x$fpl$ffltu) for __aeabi_ui2f
    debug_usart.o(i.usart_init) refers to fdiv.o(x$fpl$fdiv) for __aeabi_fdiv
    debug_usart.o(i.usart_init) refers to ffixu.o(x$fpl$ffixu) for __aeabi_f2uiz
    debug_usart.o(i.usart_init) refers to faddsub_clz.o(x$fpl$frsb) for __aeabi_frsub
    debug_usart.o(i.usart_init) refers to fmul.o(x$fpl$fmul) for __aeabi_fmul
    debug_usart.o(i.usart_init) refers to jpstm32_sysclk.o(i.delayMs) for delayMs
    debug_usart.o(i.usart_init) refers to sys.o(i.MY_NVIC_Init) for MY_NVIC_Init
    debug_usart.o(i.usart_init) refers to debug_usart.o(.bss) for Usart1_RBuffer
    debug_usart.o(i.usart_read) refers to debug_usart.o(.bss) for usart_buffer
    debug_usart.o(i.usart_read) refers to debug_usart.o(.data) for usart_buffer_overflow_flag
    usart3.o(i.USART3_IRQHandler) refers to usart3.o(.data) for Usart3RX_L
    usart3.o(i.usart3_init) refers to fflt_clz.o(x$fpl$ffltu) for __aeabi_ui2f
    usart3.o(i.usart3_init) refers to fdiv.o(x$fpl$fdiv) for __aeabi_fdiv
    usart3.o(i.usart3_init) refers to ffixu.o(x$fpl$ffixu) for __aeabi_f2uiz
    usart3.o(i.usart3_init) refers to faddsub_clz.o(x$fpl$frsb) for __aeabi_frsub
    usart3.o(i.usart3_init) refers to fmul.o(x$fpl$fmul) for __aeabi_fmul
    usart3.o(i.usart3_init) refers to jpstm32_sysclk.o(i.delayMs) for delayMs
    usart3.o(i.usart3_init) refers to sys.o(i.MY_NVIC_Init) for MY_NVIC_Init
    usart3.o(i.usart3_init) refers to usart3.o(.bss) for Usart3Buffer
    tp4115.o(i.tp4115_init) refers to tim.o(i.TIM3_CH1234_Init) for TIM3_CH1234_Init
    tp4115.o(i.tp4115_init) refers to tp4115.o(i.tp4115_change) for tp4115_change
    myiic.o(i.IIC_Ack) refers to jpstm32_sysclk.o(i.delayUs) for delayUs
    myiic.o(i.IIC_NAck) refers to jpstm32_sysclk.o(i.delayUs) for delayUs
    myiic.o(i.IIC_Read_Byte) refers to jpstm32_sysclk.o(i.delayUs) for delayUs
    myiic.o(i.IIC_Read_Byte) refers to myiic.o(i.IIC_NAck) for IIC_NAck
    myiic.o(i.IIC_Read_Byte) refers to myiic.o(i.IIC_Ack) for IIC_Ack
    myiic.o(i.IIC_Send_Byte) refers to jpstm32_sysclk.o(i.delayUs) for delayUs
    myiic.o(i.IIC_Start) refers to jpstm32_sysclk.o(i.delayUs) for delayUs
    myiic.o(i.IIC_Stop) refers to jpstm32_sysclk.o(i.delayUs) for delayUs
    myiic.o(i.IIC_Wait_Ack) refers to jpstm32_sysclk.o(i.delayUs) for delayUs
    myiic.o(i.Sing_Read_NR) refers to myiic.o(i.IIC_Start) for IIC_Start
    myiic.o(i.Sing_Read_NR) refers to myiic.o(i.IIC_Send_Byte) for IIC_Send_Byte
    myiic.o(i.Sing_Read_NR) refers to myiic.o(i.IIC_Stop) for IIC_Stop
    myiic.o(i.Sing_Read_NR) refers to myiic.o(i.IIC_Wait_Ack) for IIC_Wait_Ack
    myiic.o(i.Sing_Read_NR) refers to myiic.o(i.IIC_Read_Byte) for IIC_Read_Byte
    myiic.o(i.Sing_Read_NR) refers to jpstm32_sysclk.o(i.delayMs) for delayMs
    myiic.o(i.Sing_Write_ND) refers to myiic.o(i.IIC_Start) for IIC_Start
    myiic.o(i.Sing_Write_ND) refers to myiic.o(i.IIC_Send_Byte) for IIC_Send_Byte
    myiic.o(i.Sing_Write_ND) refers to myiic.o(i.IIC_Wait_Ack) for IIC_Wait_Ack
    myiic.o(i.Sing_Write_ND) refers to myiic.o(i.IIC_Stop) for IIC_Stop
    myiic.o(i.Sing_Write_ND) refers to jpstm32_sysclk.o(i.delayMs) for delayMs
    myiic.o(i.Single_Read) refers to myiic.o(i.IIC_Start) for IIC_Start
    myiic.o(i.Single_Read) refers to myiic.o(i.IIC_Send_Byte) for IIC_Send_Byte
    myiic.o(i.Single_Read) refers to myiic.o(i.IIC_Wait_Ack) for IIC_Wait_Ack
    myiic.o(i.Single_Read) refers to myiic.o(i.IIC_Stop) for IIC_Stop
    myiic.o(i.Single_Read) refers to myiic.o(i.IIC_Read_Byte) for IIC_Read_Byte
    myiic.o(i.Single_Read_Len) refers to myiic.o(i.IIC_Start) for IIC_Start
    myiic.o(i.Single_Read_Len) refers to myiic.o(i.IIC_Send_Byte) for IIC_Send_Byte
    myiic.o(i.Single_Read_Len) refers to myiic.o(i.IIC_Wait_Ack) for IIC_Wait_Ack
    myiic.o(i.Single_Read_Len) refers to myiic.o(i.IIC_Stop) for IIC_Stop
    myiic.o(i.Single_Read_Len) refers to jpstm32_sysclk.o(i.delayMs) for delayMs
    myiic.o(i.Single_Read_Len) refers to myiic.o(i.IIC_Read_Byte) for IIC_Read_Byte
    myiic.o(i.Single_Write) refers to myiic.o(i.IIC_Start) for IIC_Start
    myiic.o(i.Single_Write) refers to myiic.o(i.IIC_Send_Byte) for IIC_Send_Byte
    myiic.o(i.Single_Write) refers to myiic.o(i.IIC_Wait_Ack) for IIC_Wait_Ack
    myiic.o(i.Single_Write) refers to myiic.o(i.IIC_Stop) for IIC_Stop
    myiic.o(i.Single_Write) refers to jpstm32_sysclk.o(i.delayUs) for delayUs
    bh1750.o(i.bh1750_init) refers to myiic.o(i.Sing_Write_ND) for Sing_Write_ND
    bh1750.o(i.bh1750_measure) refers to myiic.o(i.Sing_Read_NR) for Sing_Read_NR
    bh1750.o(i.bh1750_measure) refers to dflt_clz.o(x$fpl$dfltu) for __aeabi_ui2d
    bh1750.o(i.bh1750_measure) refers to ddiv.o(x$fpl$ddiv) for __aeabi_ddiv
    bh1750.o(i.bh1750_measure) refers to d2f.o(x$fpl$d2f) for __aeabi_d2f
    sht20.o(i.sht20_measure) refers to myiic.o(i.Single_Read_Len) for Single_Read_Len
    sht20.o(i.sht20_measure) refers to fflt_clz.o(x$fpl$ffltu) for __aeabi_ui2f
    sht20.o(i.sht20_measure) refers to f2d.o(x$fpl$f2d) for __aeabi_f2d
    sht20.o(i.sht20_measure) refers to dmul.o(x$fpl$dmul) for __aeabi_dmul
    sht20.o(i.sht20_measure) refers to daddsub_clz.o(x$fpl$dsub) for __aeabi_dsub
    sht20.o(i.sht20_measure) refers to d2f.o(x$fpl$d2f) for __aeabi_d2f
    vml6070.o(i.vml6070_measure) refers to myiic.o(i.IIC_Start) for IIC_Start
    vml6070.o(i.vml6070_measure) refers to myiic.o(i.IIC_Send_Byte) for IIC_Send_Byte
    vml6070.o(i.vml6070_measure) refers to myiic.o(i.IIC_Wait_Ack) for IIC_Wait_Ack
    vml6070.o(i.vml6070_measure) refers to myiic.o(i.IIC_Stop) for IIC_Stop
    vml6070.o(i.vml6070_measure) refers to myiic.o(i.IIC_Read_Byte) for IIC_Read_Byte
    pm2_5.o(i.pm2_5_init) refers to usart3.o(i.usart3_init) for usart3_init
    pm2_5.o(i.pm2_5_measure) refers to usart3.o(.bss) for Usart3Buffer
    a4988.o(i.a4988_init) refers to a4988.o(i.tim4_tim3_init) for tim4_tim3_init
    a4988.o(i.tim4_tim3_init) refers to sys.o(i.MY_NVIC_Init) for MY_NVIC_Init
    zigbee_usart.o(i.DMA1_Channel7_IRQHandler) refers to zigbee_usart.o(.bss) for zigbee_buffer
    zigbee_usart.o(i.USART2_IRQHandler) refers to zigbee_usart.o(.data) for ZigbeeR_Size
    zigbee_usart.o(i.zigbee_usart_init) refers to fflt_clz.o(x$fpl$ffltu) for __aeabi_ui2f
    zigbee_usart.o(i.zigbee_usart_init) refers to fdiv.o(x$fpl$fdiv) for __aeabi_fdiv
    zigbee_usart.o(i.zigbee_usart_init) refers to ffixu.o(x$fpl$ffixu) for __aeabi_f2uiz
    zigbee_usart.o(i.zigbee_usart_init) refers to faddsub_clz.o(x$fpl$frsb) for __aeabi_frsub
    zigbee_usart.o(i.zigbee_usart_init) refers to fmul.o(x$fpl$fmul) for __aeabi_fmul
    zigbee_usart.o(i.zigbee_usart_init) refers to jpstm32_sysclk.o(i.delayMs) for delayMs
    zigbee_usart.o(i.zigbee_usart_init) refers to sys.o(i.MY_NVIC_Init) for MY_NVIC_Init
    zigbee_usart.o(i.zigbee_usart_init) refers to zigbee_usart.o(.bss) for zigbee_buffer
    jpstm32_nvic.o(i.nvicRegister) refers to jpstm32_nvic.o(i.nvicSetGroup) for nvicSetGroup
    jpstm32_nvic.o(i.nvicRegister) refers to jpstm32_nvic.o(i.nvicSetPriority) for nvicSetPriority
    jpstm32_sysclk.o(i.delayInit) refers to jpstm32_sysclk.o(.data) for fac_us
    jpstm32_sysclk.o(i.delayMs) refers to jpstm32_sysclk.o(.data) for fac_ms
    jpstm32_sysclk.o(i.delayUs) refers to jpstm32_sysclk.o(.data) for fac_us
    jpstm32_sysclk.o(i.rccInit) refers to jpstm32_nvic.o(i.nvicSetVector) for nvicSetVector
    jpstm32_sysclk.o(i.sysclkInit) refers to jpstm32_sysclk.o(i.rccInit) for rccInit
    delay.o(i._delay_init) refers to delay.o(.data) for fac_us
    delay.o(i._delay_ms) refers to delay.o(.data) for fac_ms
    delay.o(i._delay_us) refers to delay.o(.data) for fac_us
    sys.o(i.MYRCC_DeInit) refers to sys.o(i.MY_NVIC_SetVectorTable) for MY_NVIC_SetVectorTable
    sys.o(i.MY_NVIC_Init) refers to sys.o(i.MY_NVIC_PriorityGroupConfig) for MY_NVIC_PriorityGroupConfig
    sys.o(i.Stm32_Clock_Init) refers to sys.o(i.MYRCC_DeInit) for MYRCC_DeInit
    sys.o(i.Sys_Standby) refers to sys.o(.emb_text) for WFI_SET
    tim1.o(i.TIM1_Init) refers to sys.o(i.MY_NVIC_Init) for MY_NVIC_Init
    startup_stm32f10x_hd.o(STACK) refers (Special) to heapauxi.o(.text) for __use_two_region_memory
    startup_stm32f10x_hd.o(HEAP) refers (Special) to heapauxi.o(.text) for __use_two_region_memory
    startup_stm32f10x_hd.o(RESET) refers (Special) to heapauxi.o(.text) for __use_two_region_memory
    startup_stm32f10x_hd.o(RESET) refers to startup_stm32f10x_hd.o(STACK) for __initial_sp
    startup_stm32f10x_hd.o(RESET) refers to startup_stm32f10x_hd.o(.text) for Reset_Handler
    startup_stm32f10x_hd.o(RESET) refers to zigbee_usart.o(i.DMA1_Channel7_IRQHandler) for DMA1_Channel7_IRQHandler
    startup_stm32f10x_hd.o(RESET) refers to tim1.o(i.TIM1_UP_IRQHandler) for TIM1_UP_IRQHandler
    startup_stm32f10x_hd.o(RESET) refers to a4988.o(i.TIM3_IRQHandler) for TIM3_IRQHandler
    startup_stm32f10x_hd.o(RESET) refers to debug_usart.o(i.USART1_IRQHandler) for USART1_IRQHandler
    startup_stm32f10x_hd.o(RESET) refers to zigbee_usart.o(i.USART2_IRQHandler) for USART2_IRQHandler
    startup_stm32f10x_hd.o(RESET) refers to usart3.o(i.USART3_IRQHandler) for USART3_IRQHandler
    startup_stm32f10x_hd.o(.text) refers (Special) to heapauxi.o(.text) for __use_two_region_memory
    startup_stm32f10x_hd.o(.text) refers to __main.o(!!!main) for __main
    startup_stm32f10x_hd.o(.text) refers to startup_stm32f10x_hd.o(HEAP) for Heap_Mem
    startup_stm32f10x_hd.o(.text) refers to startup_stm32f10x_hd.o(STACK) for Stack_Mem
    __main.o(!!!main) refers to __rtentry.o(.ARM.Collect$$rtentry$$00000000) for __rt_entry
    d2f.o(x$fpl$d2f) refers (Special) to usenofp.o(x$fpl$usenofp) for __I$use$fp
    d2f.o(x$fpl$d2f) refers to fretinf.o(x$fpl$fretinf) for __fpl_fretinf
    d2f.o(x$fpl$d2f) refers to dnaninf.o(x$fpl$dnaninf) for __fpl_dnaninf
    daddsub_clz.o(x$fpl$dadd) refers (Special) to usenofp.o(x$fpl$usenofp) for __I$use$fp
    daddsub_clz.o(x$fpl$dadd) refers to daddsub_clz.o(x$fpl$dsub) for _dsub1
    daddsub_clz.o(x$fpl$dadd) refers to dretinf.o(x$fpl$dretinf) for __fpl_dretinf
    daddsub_clz.o(x$fpl$dadd) refers to dnaninf.o(x$fpl$dnaninf) for __fpl_dnaninf
    daddsub_clz.o(x$fpl$drsb) refers (Special) to usenofp.o(x$fpl$usenofp) for __I$use$fp
    daddsub_clz.o(x$fpl$drsb) refers to daddsub_clz.o(x$fpl$dadd) for _dadd1
    daddsub_clz.o(x$fpl$drsb) refers to daddsub_clz.o(x$fpl$dsub) for _dsub1
    daddsub_clz.o(x$fpl$dsub) refers (Special) to usenofp.o(x$fpl$usenofp) for __I$use$fp
    daddsub_clz.o(x$fpl$dsub) refers to daddsub_clz.o(x$fpl$dadd) for _dadd1
    daddsub_clz.o(x$fpl$dsub) refers to dnaninf.o(x$fpl$dnaninf) for __fpl_dnaninf
    ddiv.o(x$fpl$drdiv) refers (Special) to usenofp.o(x$fpl$usenofp) for __I$use$fp
    ddiv.o(x$fpl$drdiv) refers to ddiv.o(x$fpl$ddiv) for ddiv_entry
    ddiv.o(x$fpl$ddiv) refers (Special) to usenofp.o(x$fpl$usenofp) for __I$use$fp
    ddiv.o(x$fpl$ddiv) refers to dretinf.o(x$fpl$dretinf) for __fpl_dretinf
    ddiv.o(x$fpl$ddiv) refers to dnaninf.o(x$fpl$dnaninf) for __fpl_dnaninf
    dflt_clz.o(x$fpl$dfltu) refers (Special) to usenofp.o(x$fpl$usenofp) for __I$use$fp
    dflt_clz.o(x$fpl$dflt) refers (Special) to usenofp.o(x$fpl$usenofp) for __I$use$fp
    dflt_clz.o(x$fpl$dfltn) refers (Special) to usenofp.o(x$fpl$usenofp) for __I$use$fp
    dmul.o(x$fpl$dmul) refers (Special) to usenofp.o(x$fpl$usenofp) for __I$use$fp
    dmul.o(x$fpl$dmul) refers to dretinf.o(x$fpl$dretinf) for __fpl_dretinf
    dmul.o(x$fpl$dmul) refers to dnaninf.o(x$fpl$dnaninf) for __fpl_dnaninf
    f2d.o(x$fpl$f2d) refers (Special) to usenofp.o(x$fpl$usenofp) for __I$use$fp
    f2d.o(x$fpl$f2d) refers to fnaninf.o(x$fpl$fnaninf) for __fpl_fnaninf
    f2d.o(x$fpl$f2d) refers to dretinf.o(x$fpl$dretinf) for __fpl_dretinf
    faddsub_clz.o(x$fpl$fadd) refers (Special) to usenofp.o(x$fpl$usenofp) for __I$use$fp
    faddsub_clz.o(x$fpl$fadd) refers to faddsub_clz.o(x$fpl$fsub) for _fsub1
    faddsub_clz.o(x$fpl$fadd) refers to fretinf.o(x$fpl$fretinf) for __fpl_fretinf
    faddsub_clz.o(x$fpl$fadd) refers to fnaninf.o(x$fpl$fnaninf) for __fpl_fnaninf
    faddsub_clz.o(x$fpl$frsb) refers (Special) to usenofp.o(x$fpl$usenofp) for __I$use$fp
    faddsub_clz.o(x$fpl$frsb) refers to faddsub_clz.o(x$fpl$fadd) for _fadd1
    faddsub_clz.o(x$fpl$frsb) refers to faddsub_clz.o(x$fpl$fsub) for _fsub1
    faddsub_clz.o(x$fpl$fsub) refers (Special) to usenofp.o(x$fpl$usenofp) for __I$use$fp
    faddsub_clz.o(x$fpl$fsub) refers to faddsub_clz.o(x$fpl$fadd) for _fadd1
    faddsub_clz.o(x$fpl$fsub) refers to fnaninf.o(x$fpl$fnaninf) for __fpl_fnaninf
    fdiv.o(x$fpl$frdiv) refers (Special) to usenofp.o(x$fpl$usenofp) for __I$use$fp
    fdiv.o(x$fpl$frdiv) refers to fdiv.o(x$fpl$fdiv) for _fdiv1
    fdiv.o(x$fpl$fdiv) refers (Special) to usenofp.o(x$fpl$usenofp) for __I$use$fp
    fdiv.o(x$fpl$fdiv) refers to fretinf.o(x$fpl$fretinf) for __fpl_fretinf
    fdiv.o(x$fpl$fdiv) refers to fnaninf.o(x$fpl$fnaninf) for __fpl_fnaninf
    ffixu.o(x$fpl$ffixu) refers (Special) to usenofp.o(x$fpl$usenofp) for __I$use$fp
    ffixu.o(x$fpl$ffixu) refers to fnaninf.o(x$fpl$fnaninf) for __fpl_fnaninf
    ffixu.o(x$fpl$ffixur) refers (Special) to usenofp.o(x$fpl$usenofp) for __I$use$fp
    ffixu.o(x$fpl$ffixur) refers to fnaninf.o(x$fpl$fnaninf) for __fpl_fnaninf
    fflt_clz.o(x$fpl$ffltu) refers (Special) to usenofp.o(x$fpl$usenofp) for __I$use$fp
    fflt_clz.o(x$fpl$fflt) refers (Special) to usenofp.o(x$fpl$usenofp) for __I$use$fp
    fflt_clz.o(x$fpl$ffltn) refers (Special) to usenofp.o(x$fpl$usenofp) for __I$use$fp
    fmul.o(x$fpl$fmul) refers (Special) to usenofp.o(x$fpl$usenofp) for __I$use$fp
    fmul.o(x$fpl$fmul) refers to fretinf.o(x$fpl$fretinf) for __fpl_fretinf
    fmul.o(x$fpl$fmul) refers to fnaninf.o(x$fpl$fnaninf) for __fpl_fnaninf
    __rtentry.o(.ARM.Collect$$rtentry$$00000000) refers (Special) to __rtentry2.o(.ARM.Collect$$rtentry$$0000000A) for __rt_entry_li
    __rtentry.o(.ARM.Collect$$rtentry$$00000000) refers (Special) to __rtentry2.o(.ARM.Collect$$rtentry$$0000000D) for __rt_entry_main
    __rtentry.o(.ARM.Collect$$rtentry$$00000000) refers (Special) to __rtentry2.o(.ARM.Collect$$rtentry$$0000000C) for __rt_entry_postli_1
    __rtentry.o(.ARM.Collect$$rtentry$$00000000) refers (Special) to __rtentry2.o(.ARM.Collect$$rtentry$$00000009) for __rt_entry_postsh_1
    __rtentry.o(.ARM.Collect$$rtentry$$00000000) refers (Special) to __rtentry2.o(.ARM.Collect$$rtentry$$00000002) for __rt_entry_presh_1
    __rtentry.o(.ARM.Collect$$rtentry$$00000000) refers (Special) to __rtentry4.o(.ARM.Collect$$rtentry$$00000004) for __rt_entry_sh
    dnaninf.o(x$fpl$dnaninf) refers (Special) to usenofp.o(x$fpl$usenofp) for __I$use$fp
    dretinf.o(x$fpl$dretinf) refers (Special) to usenofp.o(x$fpl$usenofp) for __I$use$fp
    fnaninf.o(x$fpl$fnaninf) refers (Special) to usenofp.o(x$fpl$usenofp) for __I$use$fp
    fretinf.o(x$fpl$fretinf) refers (Special) to usenofp.o(x$fpl$usenofp) for __I$use$fp
    __rtentry2.o(.ARM.Collect$$rtentry$$00000008) refers to boardinit2.o(.text) for _platform_post_stackheap_init
    __rtentry2.o(.ARM.Collect$$rtentry$$0000000A) refers to libinit.o(.ARM.Collect$$libinit$$00000000) for __rt_lib_init
    __rtentry2.o(.ARM.Collect$$rtentry$$0000000B) refers to boardinit3.o(.text) for _platform_post_lib_init
    __rtentry2.o(.ARM.Collect$$rtentry$$0000000D) refers to main.o(i.main) for main
    __rtentry2.o(.ARM.Collect$$rtentry$$0000000D) refers to exit.o(.text) for exit
    __rtentry2.o(.ARM.exidx) refers to __rtentry2.o(.ARM.Collect$$rtentry$$00000001) for .ARM.Collect$$rtentry$$00000001
    __rtentry2.o(.ARM.exidx) refers to __rtentry2.o(.ARM.Collect$$rtentry$$00000008) for .ARM.Collect$$rtentry$$00000008
    __rtentry2.o(.ARM.exidx) refers to __rtentry2.o(.ARM.Collect$$rtentry$$0000000A) for .ARM.Collect$$rtentry$$0000000A
    __rtentry2.o(.ARM.exidx) refers to __rtentry2.o(.ARM.Collect$$rtentry$$0000000B) for .ARM.Collect$$rtentry$$0000000B
    __rtentry2.o(.ARM.exidx) refers to __rtentry2.o(.ARM.Collect$$rtentry$$0000000D) for .ARM.Collect$$rtentry$$0000000D
    __rtentry4.o(.ARM.Collect$$rtentry$$00000004) refers to sys_stackheap_outer.o(.text) for __user_setup_stackheap
    __rtentry4.o(.ARM.exidx) refers to __rtentry4.o(.ARM.Collect$$rtentry$$00000004) for .ARM.Collect$$rtentry$$00000004
    sys_stackheap_outer.o(.text) refers to libspace.o(.text) for __user_perproc_libspace
    sys_stackheap_outer.o(.text) refers to startup_stm32f10x_hd.o(.text) for __user_initial_stackheap
    exit.o(.text) refers to rtexit.o(.ARM.Collect$$rtexit$$00000000) for __rt_exit
    libinit.o(.ARM.Collect$$libinit$$00000000) refers (Special) to libinit2.o(.ARM.Collect$$libinit$$0000002E) for __rt_lib_init_alloca_1
    libinit.o(.ARM.Collect$$libinit$$00000000) refers (Special) to libinit2.o(.ARM.Collect$$libinit$$0000002C) for __rt_lib_init_argv_1
    libinit.o(.ARM.Collect$$libinit$$00000000) refers (Special) to libinit2.o(.ARM.Collect$$libinit$$0000001B) for __rt_lib_init_atexit_1
    libinit.o(.ARM.Collect$$libinit$$00000000) refers (Special) to libinit2.o(.ARM.Collect$$libinit$$00000021) for __rt_lib_init_clock_1
    libinit.o(.ARM.Collect$$libinit$$00000000) refers (Special) to libinit2.o(.ARM.Collect$$libinit$$00000032) for __rt_lib_init_cpp_1
    libinit.o(.ARM.Collect$$libinit$$00000000) refers (Special) to libinit2.o(.ARM.Collect$$libinit$$00000030) for __rt_lib_init_exceptions_1
    libinit.o(.ARM.Collect$$libinit$$00000000) refers (Special) to libinit2.o(.ARM.Collect$$libinit$$00000002) for __rt_lib_init_fp_1
    libinit.o(.ARM.Collect$$libinit$$00000000) refers (Special) to libinit2.o(.ARM.Collect$$libinit$$0000001F) for __rt_lib_init_fp_trap_1
    libinit.o(.ARM.Collect$$libinit$$00000000) refers (Special) to libinit2.o(.ARM.Collect$$libinit$$00000023) for __rt_lib_init_getenv_1
    libinit.o(.ARM.Collect$$libinit$$00000000) refers (Special) to libinit2.o(.ARM.Collect$$libinit$$0000000A) for __rt_lib_init_heap_1
    libinit.o(.ARM.Collect$$libinit$$00000000) refers (Special) to libinit2.o(.ARM.Collect$$libinit$$00000011) for __rt_lib_init_lc_collate_1
    libinit.o(.ARM.Collect$$libinit$$00000000) refers (Special) to libinit2.o(.ARM.Collect$$libinit$$00000013) for __rt_lib_init_lc_ctype_1
    libinit.o(.ARM.Collect$$libinit$$00000000) refers (Special) to libinit2.o(.ARM.Collect$$libinit$$00000015) for __rt_lib_init_lc_monetary_1
    libinit.o(.ARM.Collect$$libinit$$00000000) refers (Special) to libinit2.o(.ARM.Collect$$libinit$$00000017) for __rt_lib_init_lc_numeric_1
    libinit.o(.ARM.Collect$$libinit$$00000000) refers (Special) to libinit2.o(.ARM.Collect$$libinit$$00000019) for __rt_lib_init_lc_time_1
    libinit.o(.ARM.Collect$$libinit$$00000000) refers (Special) to libinit2.o(.ARM.Collect$$libinit$$00000004) for __rt_lib_init_preinit_1
    libinit.o(.ARM.Collect$$libinit$$00000000) refers (Special) to libinit2.o(.ARM.Collect$$libinit$$0000000E) for __rt_lib_init_rand_1
    libinit.o(.ARM.Collect$$libinit$$00000000) refers (Special) to libinit2.o(.ARM.Collect$$libinit$$00000033) for __rt_lib_init_return
    libinit.o(.ARM.Collect$$libinit$$00000000) refers (Special) to libinit2.o(.ARM.Collect$$libinit$$0000001D) for __rt_lib_init_signal_1
    libinit.o(.ARM.Collect$$libinit$$00000000) refers (Special) to libinit2.o(.ARM.Collect$$libinit$$00000025) for __rt_lib_init_stdio_1
    libinit.o(.ARM.Collect$$libinit$$00000000) refers (Special) to libinit2.o(.ARM.Collect$$libinit$$0000000C) for __rt_lib_init_user_alloc_1
    libspace.o(.text) refers to libspace.o(.bss) for __libspace_start
    rtexit.o(.ARM.Collect$$rtexit$$00000000) refers (Special) to rtexit2.o(.ARM.Collect$$rtexit$$00000004) for __rt_exit_exit
    rtexit.o(.ARM.Collect$$rtexit$$00000000) refers (Special) to rtexit2.o(.ARM.Collect$$rtexit$$00000003) for __rt_exit_ls
    rtexit.o(.ARM.Collect$$rtexit$$00000000) refers (Special) to rtexit2.o(.ARM.Collect$$rtexit$$00000002) for __rt_exit_prels_1
    rtexit.o(.ARM.exidx) refers (Special) to rtexit2.o(.ARM.Collect$$rtexit$$00000004) for __rt_exit_exit
    rtexit.o(.ARM.exidx) refers (Special) to rtexit2.o(.ARM.Collect$$rtexit$$00000003) for __rt_exit_ls
    rtexit.o(.ARM.exidx) refers (Special) to rtexit2.o(.ARM.Collect$$rtexit$$00000002) for __rt_exit_prels_1
    rtexit.o(.ARM.exidx) refers to rtexit.o(.ARM.Collect$$rtexit$$00000000) for .ARM.Collect$$rtexit$$00000000
    libinit2.o(.ARM.Collect$$libinit$$00000010) refers to libinit2.o(.ARM.Collect$$libinit$$0000000F) for .ARM.Collect$$libinit$$0000000F
    libinit2.o(.ARM.Collect$$libinit$$00000012) refers to libinit2.o(.ARM.Collect$$libinit$$0000000F) for .ARM.Collect$$libinit$$0000000F
    libinit2.o(.ARM.Collect$$libinit$$00000014) refers to libinit2.o(.ARM.Collect$$libinit$$0000000F) for .ARM.Collect$$libinit$$0000000F
    libinit2.o(.ARM.Collect$$libinit$$00000016) refers to libinit2.o(.ARM.Collect$$libinit$$0000000F) for .ARM.Collect$$libinit$$0000000F
    libinit2.o(.ARM.Collect$$libinit$$00000018) refers to libinit2.o(.ARM.Collect$$libinit$$0000000F) for .ARM.Collect$$libinit$$0000000F
    libinit2.o(.ARM.Collect$$libinit$$00000026) refers to argv_veneer.o(.emb_text) for __ARM_argv_veneer
    libinit2.o(.ARM.Collect$$libinit$$00000027) refers to argv_veneer.o(.emb_text) for __ARM_argv_veneer
    rtexit2.o(.ARM.Collect$$rtexit$$00000003) refers to libshutdown.o(.ARM.Collect$$libshutdown$$00000000) for __rt_lib_shutdown
    rtexit2.o(.ARM.Collect$$rtexit$$00000004) refers to sys_exit.o(.text) for _sys_exit
    rtexit2.o(.ARM.exidx) refers to rtexit2.o(.ARM.Collect$$rtexit$$00000001) for .ARM.Collect$$rtexit$$00000001
    rtexit2.o(.ARM.exidx) refers to rtexit2.o(.ARM.Collect$$rtexit$$00000003) for .ARM.Collect$$rtexit$$00000003
    rtexit2.o(.ARM.exidx) refers to rtexit2.o(.ARM.Collect$$rtexit$$00000004) for .ARM.Collect$$rtexit$$00000004
    argv_veneer.o(.emb_text) refers to no_argv.o(.text) for __ARM_get_argv
    sys_exit.o(.text) refers (Special) to use_no_semi.o(.text) for __I$use$semihosting
    sys_exit.o(.text) refers (Special) to indicate_semi.o(.text) for __semihosting_library_function
    _get_argv_nomalloc.o(.text) refers (Special) to hrguard.o(.text) for __heap_region$guard
    _get_argv_nomalloc.o(.text) refers to defsig_rtmem_outer.o(.text) for __rt_SIGRTMEM
    _get_argv_nomalloc.o(.text) refers to sys_command.o(.text) for _sys_command_string
    libshutdown.o(.ARM.Collect$$libshutdown$$00000000) refers (Special) to libshutdown2.o(.ARM.Collect$$libshutdown$$00000006) for __rt_lib_shutdown_fp_trap_1
    libshutdown.o(.ARM.Collect$$libshutdown$$00000000) refers (Special) to libshutdown2.o(.ARM.Collect$$libshutdown$$0000000E) for __rt_lib_shutdown_heap_1
    libshutdown.o(.ARM.Collect$$libshutdown$$00000000) refers (Special) to libshutdown2.o(.ARM.Collect$$libshutdown$$0000000F) for __rt_lib_shutdown_return
    libshutdown.o(.ARM.Collect$$libshutdown$$00000000) refers (Special) to libshutdown2.o(.ARM.Collect$$libshutdown$$00000009) for __rt_lib_shutdown_signal_1
    libshutdown.o(.ARM.Collect$$libshutdown$$00000000) refers (Special) to libshutdown2.o(.ARM.Collect$$libshutdown$$00000003) for __rt_lib_shutdown_stdio_1
    libshutdown.o(.ARM.Collect$$libshutdown$$00000000) refers (Special) to libshutdown2.o(.ARM.Collect$$libshutdown$$0000000B) for __rt_lib_shutdown_user_alloc_1
    sys_command.o(.text) refers (Special) to use_no_semi.o(.text) for __I$use$semihosting
    sys_command.o(.text) refers (Special) to indicate_semi.o(.text) for __semihosting_library_function
    defsig_rtmem_outer.o(.text) refers to defsig_rtmem_inner.o(.text) for __rt_SIGRTMEM_inner
    defsig_rtmem_outer.o(.text) refers to defsig_exit.o(.text) for __sig_exit
    defsig_rtmem_formal.o(.text) refers to rt_raise.o(.text) for __rt_raise
    rt_raise.o(.text) refers to __raise.o(.text) for __raise
    rt_raise.o(.text) refers to sys_exit.o(.text) for _sys_exit
    defsig_exit.o(.text) refers to sys_exit.o(.text) for _sys_exit
    defsig_rtmem_inner.o(.text) refers to defsig_general.o(.text) for __default_signal_display
    __raise.o(.text) refers to defsig.o(CL$$defsig) for __default_signal_handler
    defsig_general.o(.text) refers to sys_wrch.o(.text) for _ttywrch
    sys_wrch.o(.text) refers (Special) to use_no_semi.o(.text) for __I$use$semihosting
    sys_wrch.o(.text) refers (Special) to indicate_semi.o(.text) for __semihosting_library_function
    defsig.o(CL$$defsig) refers to defsig_rtmem_inner.o(.text) for __rt_SIGRTMEM_inner
    defsig_abrt_inner.o(.text) refers to defsig_general.o(.text) for __default_signal_display
    defsig_fpe_inner.o(.text) refers to defsig_general.o(.text) for __default_signal_display
    defsig_rtred_inner.o(.text) refers to defsig_general.o(.text) for __default_signal_display
    defsig_stak_inner.o(.text) refers to defsig_general.o(.text) for __default_signal_display
    defsig_pvfn_inner.o(.text) refers to defsig_general.o(.text) for __default_signal_display
    defsig_cppl_inner.o(.text) refers to defsig_general.o(.text) for __default_signal_display
    defsig_segv_inner.o(.text) refers to defsig_general.o(.text) for __default_signal_display
    defsig_other.o(.text) refers to defsig_general.o(.text) for __default_signal_display


==============================================================================

Removing Unused input sections from the image.

    Removing run.o(i.analysis), (136 bytes).
    Removing run.o(i.interface_init), (16 bytes).
    Removing run.o(i.response), (100 bytes).
    Removing run.o(i.run), (252 bytes).
    Removing run.o(.bss), (11 bytes).
    Removing run.o(.data), (1 bytes).
    Removing beep.o(i.beep_init), (44 bytes).
    Removing rgb_led.o(i.rgb_led_init), (80 bytes).
    Removing ws2812b.o(i.ws2812b_clear), (40 bytes).
    Removing ws2812b.o(i.ws2812b_en), (36 bytes).
    Removing ws2812b.o(i.ws2812b_init), (288 bytes).
    Removing ws2812b.o(i.ws2812b_pixel_en), (108 bytes).
    Removing ws2812b.o(.bss), (3274 bytes).
    Removing co2.o(i.CO2_Init), (14 bytes).
    Removing co2.o(i.CO2_Measure), (52 bytes).
    Removing co2.o(.data), (7 bytes).
    Removing debug_usart.o(i.usart_read), (148 bytes).
    Removing usart3.o(i.Usart3_send), (32 bytes).
    Removing usart3.o(i.usart3_init), (332 bytes).
    Removing usart3.o(.bss), (50 bytes).
    Removing tp4115.o(i.tp4115_change), (32 bytes).
    Removing tp4115.o(i.tp4115_init), (24 bytes).
    Removing myiic.o(i.IIC_Ack), (80 bytes).
    Removing myiic.o(i.IIC_Init), (64 bytes).
    Removing myiic.o(i.IIC_NAck), (80 bytes).
    Removing myiic.o(i.IIC_Read_Byte), (112 bytes).
    Removing myiic.o(i.IIC_Send_Byte), (104 bytes).
    Removing myiic.o(i.IIC_Start), (76 bytes).
    Removing myiic.o(i.IIC_Stop), (80 bytes).
    Removing myiic.o(i.IIC_Wait_Ack), (96 bytes).
    Removing myiic.o(i.Sing_Read_NR), (86 bytes).
    Removing myiic.o(i.Sing_Write_ND), (54 bytes).
    Removing myiic.o(i.Single_Read), (72 bytes).
    Removing myiic.o(i.Single_Read_Len), (112 bytes).
    Removing myiic.o(i.Single_Write), (76 bytes).
    Removing bh1750.o(i.bh1750_init), (44 bytes).
    Removing bh1750.o(i.bh1750_measure), (84 bytes).
    Removing sht20.o(i.sht20_measure), (216 bytes).
    Removing vml6070.o(i.vml6070_measure), (86 bytes).
    Removing security.o(i.security_gpio_init), (72 bytes).
    Removing pm2_5.o(i.pm2_5_init), (14 bytes).
    Removing pm2_5.o(i.pm2_5_measure), (20 bytes).
    Removing security5.o(i.security5_init), (88 bytes).
    Removing servo.o(i.servo_init), (148 bytes).
    Removing servo.o(i.servo_off), (10 bytes).
    Removing servo.o(i.servo_on), (10 bytes).
    Removing fan.o(i.fan_init), (44 bytes).
    Removing relay.o(i.relay_init), (44 bytes).
    Removing a4988.o(i.a4988_init), (148 bytes).
    Removing a4988.o(i.motor_control), (104 bytes).
    Removing a4988.o(i.tim4_tim3_init), (336 bytes).
    Removing lock.o(i.lock_init), (44 bytes).
    Removing core_cm3.o(.emb_text), (32 bytes).
    Removing jpstm32_gpio.o(i.gpioConfig), (184 bytes).
    Removing jpstm32_nvic.o(i.nvicClearEnable), (352 bytes).
    Removing jpstm32_nvic.o(i.nvicClearPending), (336 bytes).
    Removing jpstm32_nvic.o(i.nvicGetActive), (308 bytes).
    Removing jpstm32_nvic.o(i.nvicGetPriority), (4 bytes).
    Removing jpstm32_nvic.o(i.nvicRegister), (42 bytes).
    Removing jpstm32_nvic.o(i.nvicSetEnable), (398 bytes).
    Removing jpstm32_nvic.o(i.nvicSetGroup), (64 bytes).
    Removing jpstm32_nvic.o(i.nvicSetPending), (340 bytes).
    Removing jpstm32_nvic.o(i.nvicSetPriority), (184 bytes).
    Removing jpstm32_sysclk.o(i.delayUs), (60 bytes).
    Removing delay.o(i._delay_init), (64 bytes).
    Removing delay.o(i._delay_ms), (60 bytes).
    Removing delay.o(i._delay_us), (60 bytes).
    Removing delay.o(.data), (4 bytes).
    Removing sys.o(.emb_text), (12 bytes).
    Removing sys.o(i.Ex_NVIC_Config), (160 bytes).
    Removing sys.o(i.MYRCC_DeInit), (104 bytes).
    Removing sys.o(i.MY_NVIC_SetVectorTable), (20 bytes).
    Removing sys.o(i.Stm32_Clock_Init), (144 bytes).
    Removing sys.o(i.Sys_Soft_Reset), (16 bytes).
    Removing sys.o(i.Sys_Standby), (76 bytes).
    Removing tim.o(i.TIM3_CH1234_Init), (288 bytes).
    Removing tim1.o(i.TIM1_Init), (76 bytes).

77 unused section(s) (total 11069 bytes) removed from the image.

==============================================================================

Image Symbol Table

    Local Symbols

    Symbol Name                              Value     Ov Type        Size  Object(Section)

    ../clib/angel/boardlib.s                 0x00000000   Number         0  boardinit2.o ABSOLUTE
    ../clib/angel/boardlib.s                 0x00000000   Number         0  boardinit1.o ABSOLUTE
    ../clib/angel/boardlib.s                 0x00000000   Number         0  boardshut.o ABSOLUTE
    ../clib/angel/boardlib.s                 0x00000000   Number         0  boardinit3.o ABSOLUTE
    ../clib/angel/handlers.s                 0x00000000   Number         0  __scatter_zi.o ABSOLUTE
    ../clib/angel/handlers.s                 0x00000000   Number         0  __scatter_copy.o ABSOLUTE
    ../clib/angel/kernel.s                   0x00000000   Number         0  rtexit.o ABSOLUTE
    ../clib/angel/kernel.s                   0x00000000   Number         0  __rtentry4.o ABSOLUTE
    ../clib/angel/kernel.s                   0x00000000   Number         0  __rtentry2.o ABSOLUTE
    ../clib/angel/kernel.s                   0x00000000   Number         0  __rtentry.o ABSOLUTE
    ../clib/angel/kernel.s                   0x00000000   Number         0  rtexit2.o ABSOLUTE
    ../clib/angel/rt.s                       0x00000000   Number         0  rt_raise.o ABSOLUTE
    ../clib/angel/scatter.s                  0x00000000   Number         0  __scatter.o ABSOLUTE
    ../clib/angel/startup.s                  0x00000000   Number         0  __main.o ABSOLUTE
    ../clib/angel/sys.s                      0x00000000   Number         0  libspace.o ABSOLUTE
    ../clib/angel/sys.s                      0x00000000   Number         0  sys_stackheap_outer.o ABSOLUTE
    ../clib/angel/sys.s                      0x00000000   Number         0  use_no_semi.o ABSOLUTE
    ../clib/angel/sys.s                      0x00000000   Number         0  indicate_semi.o ABSOLUTE
    ../clib/angel/sysapp.c                   0x00000000   Number         0  sys_wrch.o ABSOLUTE
    ../clib/angel/sysapp.c                   0x00000000   Number         0  sys_exit.o ABSOLUTE
    ../clib/angel/sysapp.c                   0x00000000   Number         0  sys_command.o ABSOLUTE
    ../clib/armsys.c                         0x00000000   Number         0  _get_argv_nomalloc.o ABSOLUTE
    ../clib/armsys.c                         0x00000000   Number         0  argv_veneer.o ABSOLUTE
    ../clib/armsys.c                         0x00000000   Number         0  argv_veneer.o ABSOLUTE
    ../clib/armsys.c                         0x00000000   Number         0  no_argv.o ABSOLUTE
    ../clib/heapalloc.c                      0x00000000   Number         0  hrguard.o ABSOLUTE
    ../clib/heapaux.c                        0x00000000   Number         0  heapauxi.o ABSOLUTE
    ../clib/libinit.s                        0x00000000   Number         0  libshutdown2.o ABSOLUTE
    ../clib/libinit.s                        0x00000000   Number         0  libinit.o ABSOLUTE
    ../clib/libinit.s                        0x00000000   Number         0  libinit2.o ABSOLUTE
    ../clib/libinit.s                        0x00000000   Number         0  libshutdown.o ABSOLUTE
    ../clib/signal.c                         0x00000000   Number         0  defsig_rtmem_inner.o ABSOLUTE
    ../clib/signal.c                         0x00000000   Number         0  defsig_exit.o ABSOLUTE
    ../clib/signal.c                         0x00000000   Number         0  defsig_rtmem_formal.o ABSOLUTE
    ../clib/signal.c                         0x00000000   Number         0  defsig_rtmem_outer.o ABSOLUTE
    ../clib/signal.c                         0x00000000   Number         0  defsig_segv_inner.o ABSOLUTE
    ../clib/signal.c                         0x00000000   Number         0  defsig_cppl_inner.o ABSOLUTE
    ../clib/signal.c                         0x00000000   Number         0  defsig_pvfn_inner.o ABSOLUTE
    ../clib/signal.c                         0x00000000   Number         0  defsig_stak_inner.o ABSOLUTE
    ../clib/signal.c                         0x00000000   Number         0  defsig_rtred_inner.o ABSOLUTE
    ../clib/signal.c                         0x00000000   Number         0  defsig_fpe_inner.o ABSOLUTE
    ../clib/signal.c                         0x00000000   Number         0  defsig_abrt_inner.o ABSOLUTE
    ../clib/signal.c                         0x00000000   Number         0  defsig_other.o ABSOLUTE
    ../clib/signal.c                         0x00000000   Number         0  defsig_general.o ABSOLUTE
    ../clib/signal.c                         0x00000000   Number         0  __raise.o ABSOLUTE
    ../clib/signal.s                         0x00000000   Number         0  defsig.o ABSOLUTE
    ../clib/stdlib.c                         0x00000000   Number         0  exit.o ABSOLUTE
    ../fplib/d2f.s                           0x00000000   Number         0  d2f.o ABSOLUTE
    ../fplib/daddsub.s                       0x00000000   Number         0  daddsub_clz.o ABSOLUTE
    ../fplib/ddiv.s                          0x00000000   Number         0  ddiv.o ABSOLUTE
    ../fplib/dflt.s                          0x00000000   Number         0  dflt_clz.o ABSOLUTE
    ../fplib/dmul.s                          0x00000000   Number         0  dmul.o ABSOLUTE
    ../fplib/dnaninf.s                       0x00000000   Number         0  dnaninf.o ABSOLUTE
    ../fplib/dretinf.s                       0x00000000   Number         0  dretinf.o ABSOLUTE
    ../fplib/f2d.s                           0x00000000   Number         0  f2d.o ABSOLUTE
    ../fplib/faddsub.s                       0x00000000   Number         0  faddsub_clz.o ABSOLUTE
    ../fplib/fdiv.s                          0x00000000   Number         0  fdiv.o ABSOLUTE
    ../fplib/ffixu.s                         0x00000000   Number         0  ffixu.o ABSOLUTE
    ../fplib/fflt.s                          0x00000000   Number         0  fflt_clz.o ABSOLUTE
    ../fplib/fmul.s                          0x00000000   Number         0  fmul.o ABSOLUTE
    ../fplib/fnaninf.s                       0x00000000   Number         0  fnaninf.o ABSOLUTE
    ../fplib/fpinit.s                        0x00000000   Number         0  fpinit.o ABSOLUTE
    ../fplib/fretinf.s                       0x00000000   Number         0  fretinf.o ABSOLUTE
    ../fplib/usenofp.s                       0x00000000   Number         0  usenofp.o ABSOLUTE
    ..\\devices\\sys.c                       0x00000000   Number         0  sys.o ABSOLUTE
    ..\\system\\core_cm3.c                   0x00000000   Number         0  core_cm3.o ABSOLUTE
    ..\app\main.c                            0x00000000   Number         0  main.o ABSOLUTE
    ..\app\run.c                             0x00000000   Number         0  run.o ABSOLUTE
    ..\boot\startup_stm32f10x_hd.s           0x00000000   Number         0  startup_stm32f10x_hd.o ABSOLUTE
    ..\devices\Tim.c                         0x00000000   Number         0  tim.o ABSOLUTE
    ..\devices\Tim1.c                        0x00000000   Number         0  tim1.o ABSOLUTE
    ..\devices\delay.c                       0x00000000   Number         0  delay.o ABSOLUTE
    ..\devices\sys.c                         0x00000000   Number         0  sys.o ABSOLUTE
    ..\hardware\A4988\a4988.c                0x00000000   Number         0  a4988.o ABSOLUTE
    ..\hardware\BEEP\beep.c                  0x00000000   Number         0  beep.o ABSOLUTE
    ..\hardware\BH1750\bh1750.c              0x00000000   Number         0  bh1750.o ABSOLUTE
    ..\hardware\CO2\CO2.c                    0x00000000   Number         0  co2.o ABSOLUTE
    ..\hardware\FAN\fan.c                    0x00000000   Number         0  fan.o ABSOLUTE
    ..\hardware\LOCK\lock.c                  0x00000000   Number         0  lock.o ABSOLUTE
    ..\hardware\PM2_5\pm2_5.c                0x00000000   Number         0  pm2_5.o ABSOLUTE
    ..\hardware\RELAY\relay.c                0x00000000   Number         0  relay.o ABSOLUTE
    ..\hardware\RGB_LED\rgb_led.c            0x00000000   Number         0  rgb_led.o ABSOLUTE
    ..\hardware\SECURITY\security.c          0x00000000   Number         0  security.o ABSOLUTE
    ..\hardware\SECURITY\security5.c         0x00000000   Number         0  security5.o ABSOLUTE
    ..\hardware\SERVO\servo.c                0x00000000   Number         0  servo.o ABSOLUTE
    ..\hardware\SHT20\sht20.c                0x00000000   Number         0  sht20.o ABSOLUTE
    ..\hardware\TP4115\tp4115.c              0x00000000   Number         0  tp4115.o ABSOLUTE
    ..\hardware\USART3\usart3.c              0x00000000   Number         0  usart3.o ABSOLUTE
    ..\hardware\VML6070\vml6070.c            0x00000000   Number         0  vml6070.o ABSOLUTE
    ..\hardware\WS2812B\ws2812b.c            0x00000000   Number         0  ws2812b.o ABSOLUTE
    ..\hardware\debug-usart\Debug_usart.c    0x00000000   Number         0  debug_usart.o ABSOLUTE
    ..\hardware\myiic\myiic.c                0x00000000   Number         0  myiic.o ABSOLUTE
    ..\hardware\zigbee_usart\ZigBee_usart.c  0x00000000   Number         0  zigbee_usart.o ABSOLUTE
    ..\system\core_cm3.c                     0x00000000   Number         0  core_cm3.o ABSOLUTE
    ..\system\jpstm32_exti.c                 0x00000000   Number         0  jpstm32_exti.o ABSOLUTE
    ..\system\jpstm32_gpio.c                 0x00000000   Number         0  jpstm32_gpio.o ABSOLUTE
    ..\system\jpstm32_nvic.c                 0x00000000   Number         0  jpstm32_nvic.o ABSOLUTE
    ..\system\jpstm32_sysclk.c               0x00000000   Number         0  jpstm32_sysclk.o ABSOLUTE
    dc.s                                     0x00000000   Number         0  dc.o ABSOLUTE
    RESET                                    0x08000000   Section      304  startup_stm32f10x_hd.o(RESET)
    !!!main                                  0x08000130   Section        8  __main.o(!!!main)
    !!!scatter                               0x08000138   Section       52  __scatter.o(!!!scatter)
    !!handler_copy                           0x0800016c   Section       26  __scatter_copy.o(!!handler_copy)
    !!handler_zi                             0x08000188   Section       28  __scatter_zi.o(!!handler_zi)
    .ARM.Collect$$libinit$$00000000          0x080001a4   Section        2  libinit.o(.ARM.Collect$$libinit$$00000000)
    .ARM.Collect$$libinit$$00000002          0x080001a6   Section        0  libinit2.o(.ARM.Collect$$libinit$$00000002)
    .ARM.Collect$$libinit$$00000004          0x080001a6   Section        0  libinit2.o(.ARM.Collect$$libinit$$00000004)
    .ARM.Collect$$libinit$$0000000A          0x080001a6   Section        0  libinit2.o(.ARM.Collect$$libinit$$0000000A)
    .ARM.Collect$$libinit$$0000000C          0x080001a6   Section        0  libinit2.o(.ARM.Collect$$libinit$$0000000C)
    .ARM.Collect$$libinit$$0000000E          0x080001a6   Section        0  libinit2.o(.ARM.Collect$$libinit$$0000000E)
    .ARM.Collect$$libinit$$00000011          0x080001a6   Section        0  libinit2.o(.ARM.Collect$$libinit$$00000011)
    .ARM.Collect$$libinit$$00000013          0x080001a6   Section        0  libinit2.o(.ARM.Collect$$libinit$$00000013)
    .ARM.Collect$$libinit$$00000015          0x080001a6   Section        0  libinit2.o(.ARM.Collect$$libinit$$00000015)
    .ARM.Collect$$libinit$$00000017          0x080001a6   Section        0  libinit2.o(.ARM.Collect$$libinit$$00000017)
    .ARM.Collect$$libinit$$00000019          0x080001a6   Section        0  libinit2.o(.ARM.Collect$$libinit$$00000019)
    .ARM.Collect$$libinit$$0000001B          0x080001a6   Section        0  libinit2.o(.ARM.Collect$$libinit$$0000001B)
    .ARM.Collect$$libinit$$0000001D          0x080001a6   Section        0  libinit2.o(.ARM.Collect$$libinit$$0000001D)
    .ARM.Collect$$libinit$$0000001F          0x080001a6   Section        0  libinit2.o(.ARM.Collect$$libinit$$0000001F)
    .ARM.Collect$$libinit$$00000021          0x080001a6   Section        0  libinit2.o(.ARM.Collect$$libinit$$00000021)
    .ARM.Collect$$libinit$$00000023          0x080001a6   Section        0  libinit2.o(.ARM.Collect$$libinit$$00000023)
    .ARM.Collect$$libinit$$00000025          0x080001a6   Section        0  libinit2.o(.ARM.Collect$$libinit$$00000025)
    .ARM.Collect$$libinit$$0000002C          0x080001a6   Section        0  libinit2.o(.ARM.Collect$$libinit$$0000002C)
    .ARM.Collect$$libinit$$0000002E          0x080001a6   Section        0  libinit2.o(.ARM.Collect$$libinit$$0000002E)
    .ARM.Collect$$libinit$$00000030          0x080001a6   Section        0  libinit2.o(.ARM.Collect$$libinit$$00000030)
    .ARM.Collect$$libinit$$00000032          0x080001a6   Section        0  libinit2.o(.ARM.Collect$$libinit$$00000032)
    .ARM.Collect$$libinit$$00000033          0x080001a6   Section        2  libinit2.o(.ARM.Collect$$libinit$$00000033)
    .ARM.Collect$$libshutdown$$00000000      0x080001a8   Section        2  libshutdown.o(.ARM.Collect$$libshutdown$$00000000)
    .ARM.Collect$$libshutdown$$00000003      0x080001aa   Section        0  libshutdown2.o(.ARM.Collect$$libshutdown$$00000003)
    .ARM.Collect$$libshutdown$$00000006      0x080001aa   Section        0  libshutdown2.o(.ARM.Collect$$libshutdown$$00000006)
    .ARM.Collect$$libshutdown$$00000009      0x080001aa   Section        0  libshutdown2.o(.ARM.Collect$$libshutdown$$00000009)
    .ARM.Collect$$libshutdown$$0000000B      0x080001aa   Section        0  libshutdown2.o(.ARM.Collect$$libshutdown$$0000000B)
    .ARM.Collect$$libshutdown$$0000000E      0x080001aa   Section        0  libshutdown2.o(.ARM.Collect$$libshutdown$$0000000E)
    .ARM.Collect$$libshutdown$$0000000F      0x080001aa   Section        2  libshutdown2.o(.ARM.Collect$$libshutdown$$0000000F)
    .ARM.Collect$$rtentry$$00000000          0x080001ac   Section        0  __rtentry.o(.ARM.Collect$$rtentry$$00000000)
    .ARM.Collect$$rtentry$$00000002          0x080001ac   Section        0  __rtentry2.o(.ARM.Collect$$rtentry$$00000002)
    .ARM.Collect$$rtentry$$00000004          0x080001ac   Section        6  __rtentry4.o(.ARM.Collect$$rtentry$$00000004)
    .ARM.Collect$$rtentry$$00000009          0x080001b2   Section        0  __rtentry2.o(.ARM.Collect$$rtentry$$00000009)
    .ARM.Collect$$rtentry$$0000000A          0x080001b2   Section        4  __rtentry2.o(.ARM.Collect$$rtentry$$0000000A)
    .ARM.Collect$$rtentry$$0000000C          0x080001b6   Section        0  __rtentry2.o(.ARM.Collect$$rtentry$$0000000C)
    .ARM.Collect$$rtentry$$0000000D          0x080001b6   Section        8  __rtentry2.o(.ARM.Collect$$rtentry$$0000000D)
    .ARM.Collect$$rtexit$$00000000           0x080001be   Section        2  rtexit.o(.ARM.Collect$$rtexit$$00000000)
    .ARM.Collect$$rtexit$$00000002           0x080001c0   Section        0  rtexit2.o(.ARM.Collect$$rtexit$$00000002)
    .ARM.Collect$$rtexit$$00000003           0x080001c0   Section        4  rtexit2.o(.ARM.Collect$$rtexit$$00000003)
    .ARM.Collect$$rtexit$$00000004           0x080001c4   Section        6  rtexit2.o(.ARM.Collect$$rtexit$$00000004)
    .text                                    0x080001cc   Section       56  startup_stm32f10x_hd.o(.text)
    .text                                    0x08000204   Section        0  heapauxi.o(.text)
    .text                                    0x0800020a   Section       74  sys_stackheap_outer.o(.text)
    .text                                    0x08000254   Section        0  exit.o(.text)
    .text                                    0x08000260   Section        8  libspace.o(.text)
    .text                                    0x08000268   Section        0  sys_exit.o(.text)
    .text                                    0x08000274   Section        2  use_no_semi.o(.text)
    .text                                    0x08000276   Section        0  indicate_semi.o(.text)
    i.DMA1_Channel7_IRQHandler               0x08000278   Section        0  zigbee_usart.o(i.DMA1_Channel7_IRQHandler)
    i.JTAG_Set                               0x080002c4   Section        0  sys.o(i.JTAG_Set)
    i.MY_NVIC_Init                           0x080002f4   Section        0  sys.o(i.MY_NVIC_Init)
    i.MY_NVIC_PriorityGroupConfig            0x0800038c   Section        0  sys.o(i.MY_NVIC_PriorityGroupConfig)
    i.TIM1_UP_IRQHandler                     0x080003b4   Section        0  tim1.o(i.TIM1_UP_IRQHandler)
    i.TIM3_IRQHandler                        0x080003e4   Section        0  a4988.o(i.TIM3_IRQHandler)
    i.USART1_IRQHandler                      0x0800040c   Section        0  debug_usart.o(i.USART1_IRQHandler)
    i.USART2_IRQHandler                      0x08000460   Section        0  zigbee_usart.o(i.USART2_IRQHandler)
    i.USART3_IRQHandler                      0x080004b4   Section        0  usart3.o(i.USART3_IRQHandler)
    i.delayInit                              0x08000508   Section        0  jpstm32_sysclk.o(i.delayInit)
    i.delayMs                                0x08000548   Section        0  jpstm32_sysclk.o(i.delayMs)
    i.main                                   0x08000584   Section        0  main.o(i.main)
    i.nvicSetVector                          0x080005fc   Section        0  jpstm32_nvic.o(i.nvicSetVector)
    i.put_c                                  0x08000610   Section        0  debug_usart.o(i.put_c)
    i.rccInit                                0x08000630   Section        0  jpstm32_sysclk.o(i.rccInit)
    rccInit                                  0x08000631   Thumb Code    90  jpstm32_sysclk.o(i.rccInit)
    i.sysclkInit                             0x08000698   Section        0  jpstm32_sysclk.o(i.sysclkInit)
    i.usart_init                             0x08000714   Section        0  debug_usart.o(i.usart_init)
    i.zigbee_send                            0x08000878   Section        0  zigbee_usart.o(i.zigbee_send)
    i.zigbee_usart_init                      0x080008a4   Section        0  zigbee_usart.o(i.zigbee_usart_init)
    x$fpl$fadd                               0x08000a38   Section      196  faddsub_clz.o(x$fpl$fadd)
    _fadd1                                   0x08000a47   Thumb Code     0  faddsub_clz.o(x$fpl$fadd)
    x$fpl$fdiv                               0x08000afc   Section      388  fdiv.o(x$fpl$fdiv)
    _fdiv1                                   0x08000afd   Thumb Code     0  fdiv.o(x$fpl$fdiv)
    x$fpl$ffixu                              0x08000c80   Section       62  ffixu.o(x$fpl$ffixu)
    x$fpl$ffltu                              0x08000cc0   Section       38  fflt_clz.o(x$fpl$ffltu)
    x$fpl$fmul                               0x08000ce8   Section      258  fmul.o(x$fpl$fmul)
    x$fpl$fnaninf                            0x08000dea   Section      140  fnaninf.o(x$fpl$fnaninf)
    x$fpl$fretinf                            0x08000e76   Section       10  fretinf.o(x$fpl$fretinf)
    x$fpl$frsb                               0x08000e80   Section       20  faddsub_clz.o(x$fpl$frsb)
    x$fpl$fsub                               0x08000e94   Section      234  faddsub_clz.o(x$fpl$fsub)
    _fsub1                                   0x08000ea3   Thumb Code     0  faddsub_clz.o(x$fpl$fsub)
    x$fpl$usenofp                            0x08000f7e   Section        0  usenofp.o(x$fpl$usenofp)
    .data                                    0x20000000   Section        3  debug_usart.o(.data)
    .data                                    0x20000003   Section        3  usart3.o(.data)
    .data                                    0x20000006   Section        4  zigbee_usart.o(.data)
    .data                                    0x2000000a   Section        4  jpstm32_sysclk.o(.data)
    fac_us                                   0x2000000a   Data           1  jpstm32_sysclk.o(.data)
    fac_ms                                   0x2000000c   Data           2  jpstm32_sysclk.o(.data)
    .bss                                     0x20000010   Section      106  debug_usart.o(.bss)
    .bss                                     0x2000007a   Section      256  zigbee_usart.o(.bss)
    .bss                                     0x2000017c   Section       96  libspace.o(.bss)
    HEAP                                     0x200001e0   Section     1024  startup_stm32f10x_hd.o(HEAP)
    Heap_Mem                                 0x200001e0   Data        1024  startup_stm32f10x_hd.o(HEAP)
    STACK                                    0x200005e0   Section    16384  startup_stm32f10x_hd.o(STACK)
    Stack_Mem                                0x200005e0   Data       16384  startup_stm32f10x_hd.o(STACK)
    __initial_sp                             0x200045e0   Data           0  startup_stm32f10x_hd.o(STACK)

    Global Symbols

    Symbol Name                              Value     Ov Type        Size  Object(Section)

    BuildAttributes$$THM_ISAv4$P$D$K$B$S$PE$A:L22UL41UL21$X:L11$S22US41US21$IEEE1$IW$USESV6$~STKCKD$USESV7$~SHL$OSPACE$ROPI$EBA8$UX$STANDARDLIB$REQ8$PRES8$EABIv2 0x00000000   Number         0  anon$$obj.o ABSOLUTE
    __ARM_use_no_argv                        0x00000000   Number         0  main.o ABSOLUTE
    __ARM_exceptions_init                     - Undefined Weak Reference
    __alloca_initialize                       - Undefined Weak Reference
    __arm_preinit_                            - Undefined Weak Reference
    __cpp_initialize__aeabi_                  - Undefined Weak Reference
    __cxa_finalize                            - Undefined Weak Reference
    __rt_locale                               - Undefined Weak Reference
    __sigvec_lookup                           - Undefined Weak Reference
    _atexit_init                              - Undefined Weak Reference
    _call_atexit_fns                          - Undefined Weak Reference
    _clock_init                               - Undefined Weak Reference
    _fp_trap_init                             - Undefined Weak Reference
    _fp_trap_shutdown                         - Undefined Weak Reference
    _get_lc_collate                           - Undefined Weak Reference
    _get_lc_ctype                             - Undefined Weak Reference
    _get_lc_monetary                          - Undefined Weak Reference
    _get_lc_numeric                           - Undefined Weak Reference
    _get_lc_time                              - Undefined Weak Reference
    _getenv_init                              - Undefined Weak Reference
    _handle_redirection                       - Undefined Weak Reference
    _init_alloc                               - Undefined Weak Reference
    _init_user_alloc                          - Undefined Weak Reference
    _initio                                   - Undefined Weak Reference
    _rand_init                                - Undefined Weak Reference
    _signal_finish                            - Undefined Weak Reference
    _signal_init                              - Undefined Weak Reference
    _terminate_alloc                          - Undefined Weak Reference
    _terminate_user_alloc                     - Undefined Weak Reference
    _terminateio                              - Undefined Weak Reference
    __Vectors_Size                           0x00000130   Number         0  startup_stm32f10x_hd.o ABSOLUTE
    __Vectors                                0x08000000   Data           4  startup_stm32f10x_hd.o(RESET)
    __Vectors_End                            0x08000130   Data           0  startup_stm32f10x_hd.o(RESET)
    __main                                   0x08000131   Thumb Code     8  __main.o(!!!main)
    __scatterload                            0x08000139   Thumb Code     0  __scatter.o(!!!scatter)
    __scatterload_rt2                        0x08000139   Thumb Code    44  __scatter.o(!!!scatter)
    __scatterload_rt2_thumb_only             0x08000139   Thumb Code     0  __scatter.o(!!!scatter)
    __scatterload_null                       0x08000147   Thumb Code     0  __scatter.o(!!!scatter)
    __scatterload_copy                       0x0800016d   Thumb Code    26  __scatter_copy.o(!!handler_copy)
    __scatterload_zeroinit                   0x08000189   Thumb Code    28  __scatter_zi.o(!!handler_zi)
    __rt_lib_init                            0x080001a5   Thumb Code     0  libinit.o(.ARM.Collect$$libinit$$00000000)
    __rt_lib_init_alloca_1                   0x080001a7   Thumb Code     0  libinit2.o(.ARM.Collect$$libinit$$0000002E)
    __rt_lib_init_argv_1                     0x080001a7   Thumb Code     0  libinit2.o(.ARM.Collect$$libinit$$0000002C)
    __rt_lib_init_atexit_1                   0x080001a7   Thumb Code     0  libinit2.o(.ARM.Collect$$libinit$$0000001B)
    __rt_lib_init_clock_1                    0x080001a7   Thumb Code     0  libinit2.o(.ARM.Collect$$libinit$$00000021)
    __rt_lib_init_cpp_1                      0x080001a7   Thumb Code     0  libinit2.o(.ARM.Collect$$libinit$$00000032)
    __rt_lib_init_exceptions_1               0x080001a7   Thumb Code     0  libinit2.o(.ARM.Collect$$libinit$$00000030)
    __rt_lib_init_fp_1                       0x080001a7   Thumb Code     0  libinit2.o(.ARM.Collect$$libinit$$00000002)
    __rt_lib_init_fp_trap_1                  0x080001a7   Thumb Code     0  libinit2.o(.ARM.Collect$$libinit$$0000001F)
    __rt_lib_init_getenv_1                   0x080001a7   Thumb Code     0  libinit2.o(.ARM.Collect$$libinit$$00000023)
    __rt_lib_init_heap_1                     0x080001a7   Thumb Code     0  libinit2.o(.ARM.Collect$$libinit$$0000000A)
    __rt_lib_init_lc_collate_1               0x080001a7   Thumb Code     0  libinit2.o(.ARM.Collect$$libinit$$00000011)
    __rt_lib_init_lc_ctype_1                 0x080001a7   Thumb Code     0  libinit2.o(.ARM.Collect$$libinit$$00000013)
    __rt_lib_init_lc_monetary_1              0x080001a7   Thumb Code     0  libinit2.o(.ARM.Collect$$libinit$$00000015)
    __rt_lib_init_lc_numeric_1               0x080001a7   Thumb Code     0  libinit2.o(.ARM.Collect$$libinit$$00000017)
    __rt_lib_init_lc_time_1                  0x080001a7   Thumb Code     0  libinit2.o(.ARM.Collect$$libinit$$00000019)
    __rt_lib_init_preinit_1                  0x080001a7   Thumb Code     0  libinit2.o(.ARM.Collect$$libinit$$00000004)
    __rt_lib_init_rand_1                     0x080001a7   Thumb Code     0  libinit2.o(.ARM.Collect$$libinit$$0000000E)
    __rt_lib_init_return                     0x080001a7   Thumb Code     0  libinit2.o(.ARM.Collect$$libinit$$00000033)
    __rt_lib_init_signal_1                   0x080001a7   Thumb Code     0  libinit2.o(.ARM.Collect$$libinit$$0000001D)
    __rt_lib_init_stdio_1                    0x080001a7   Thumb Code     0  libinit2.o(.ARM.Collect$$libinit$$00000025)
    __rt_lib_init_user_alloc_1               0x080001a7   Thumb Code     0  libinit2.o(.ARM.Collect$$libinit$$0000000C)
    __rt_lib_shutdown                        0x080001a9   Thumb Code     0  libshutdown.o(.ARM.Collect$$libshutdown$$00000000)
    __rt_lib_shutdown_fp_trap_1              0x080001ab   Thumb Code     0  libshutdown2.o(.ARM.Collect$$libshutdown$$00000006)
    __rt_lib_shutdown_heap_1                 0x080001ab   Thumb Code     0  libshutdown2.o(.ARM.Collect$$libshutdown$$0000000E)
    __rt_lib_shutdown_return                 0x080001ab   Thumb Code     0  libshutdown2.o(.ARM.Collect$$libshutdown$$0000000F)
    __rt_lib_shutdown_signal_1               0x080001ab   Thumb Code     0  libshutdown2.o(.ARM.Collect$$libshutdown$$00000009)
    __rt_lib_shutdown_stdio_1                0x080001ab   Thumb Code     0  libshutdown2.o(.ARM.Collect$$libshutdown$$00000003)
    __rt_lib_shutdown_user_alloc_1           0x080001ab   Thumb Code     0  libshutdown2.o(.ARM.Collect$$libshutdown$$0000000B)
    __rt_entry                               0x080001ad   Thumb Code     0  __rtentry.o(.ARM.Collect$$rtentry$$00000000)
    __rt_entry_presh_1                       0x080001ad   Thumb Code     0  __rtentry2.o(.ARM.Collect$$rtentry$$00000002)
    __rt_entry_sh                            0x080001ad   Thumb Code     0  __rtentry4.o(.ARM.Collect$$rtentry$$00000004)
    __rt_entry_li                            0x080001b3   Thumb Code     0  __rtentry2.o(.ARM.Collect$$rtentry$$0000000A)
    __rt_entry_postsh_1                      0x080001b3   Thumb Code     0  __rtentry2.o(.ARM.Collect$$rtentry$$00000009)
    __rt_entry_main                          0x080001b7   Thumb Code     0  __rtentry2.o(.ARM.Collect$$rtentry$$0000000D)
    __rt_entry_postli_1                      0x080001b7   Thumb Code     0  __rtentry2.o(.ARM.Collect$$rtentry$$0000000C)
    __rt_exit                                0x080001bf   Thumb Code     0  rtexit.o(.ARM.Collect$$rtexit$$00000000)
    __rt_exit_ls                             0x080001c1   Thumb Code     0  rtexit2.o(.ARM.Collect$$rtexit$$00000003)
    __rt_exit_prels_1                        0x080001c1   Thumb Code     0  rtexit2.o(.ARM.Collect$$rtexit$$00000002)
    __rt_exit_exit                           0x080001c5   Thumb Code     0  rtexit2.o(.ARM.Collect$$rtexit$$00000004)
    Reset_Handler                            0x080001cd   Thumb Code     4  startup_stm32f10x_hd.o(.text)
    NMI_Handler                              0x080001d1   Thumb Code     2  startup_stm32f10x_hd.o(.text)
    HardFault_Handler                        0x080001d3   Thumb Code     2  startup_stm32f10x_hd.o(.text)
    MemManage_Handler                        0x080001d5   Thumb Code     2  startup_stm32f10x_hd.o(.text)
    BusFault_Handler                         0x080001d7   Thumb Code     2  startup_stm32f10x_hd.o(.text)
    UsageFault_Handler                       0x080001d9   Thumb Code     2  startup_stm32f10x_hd.o(.text)
    SVC_Handler                              0x080001db   Thumb Code     2  startup_stm32f10x_hd.o(.text)
    DebugMon_Handler                         0x080001dd   Thumb Code     2  startup_stm32f10x_hd.o(.text)
    PendSV_Handler                           0x080001df   Thumb Code     2  startup_stm32f10x_hd.o(.text)
    SysTick_Handler                          0x080001e1   Thumb Code     2  startup_stm32f10x_hd.o(.text)
    ADC1_2_IRQHandler                        0x080001e3   Thumb Code     0  startup_stm32f10x_hd.o(.text)
    ADC3_IRQHandler                          0x080001e3   Thumb Code     0  startup_stm32f10x_hd.o(.text)
    CAN1_RX1_IRQHandler                      0x080001e3   Thumb Code     0  startup_stm32f10x_hd.o(.text)
    CAN1_SCE_IRQHandler                      0x080001e3   Thumb Code     0  startup_stm32f10x_hd.o(.text)
    DMA1_Channel1_IRQHandler                 0x080001e3   Thumb Code     0  startup_stm32f10x_hd.o(.text)
    DMA1_Channel2_IRQHandler                 0x080001e3   Thumb Code     0  startup_stm32f10x_hd.o(.text)
    DMA1_Channel3_IRQHandler                 0x080001e3   Thumb Code     0  startup_stm32f10x_hd.o(.text)
    DMA1_Channel4_IRQHandler                 0x080001e3   Thumb Code     0  startup_stm32f10x_hd.o(.text)
    DMA1_Channel5_IRQHandler                 0x080001e3   Thumb Code     0  startup_stm32f10x_hd.o(.text)
    DMA1_Channel6_IRQHandler                 0x080001e3   Thumb Code     0  startup_stm32f10x_hd.o(.text)
    DMA2_Channel1_IRQHandler                 0x080001e3   Thumb Code     0  startup_stm32f10x_hd.o(.text)
    DMA2_Channel2_IRQHandler                 0x080001e3   Thumb Code     0  startup_stm32f10x_hd.o(.text)
    DMA2_Channel3_IRQHandler                 0x080001e3   Thumb Code     0  startup_stm32f10x_hd.o(.text)
    DMA2_Channel4_5_IRQHandler               0x080001e3   Thumb Code     0  startup_stm32f10x_hd.o(.text)
    EXTI0_IRQHandler                         0x080001e3   Thumb Code     0  startup_stm32f10x_hd.o(.text)
    EXTI15_10_IRQHandler                     0x080001e3   Thumb Code     0  startup_stm32f10x_hd.o(.text)
    EXTI1_IRQHandler                         0x080001e3   Thumb Code     0  startup_stm32f10x_hd.o(.text)
    EXTI2_IRQHandler                         0x080001e3   Thumb Code     0  startup_stm32f10x_hd.o(.text)
    EXTI3_IRQHandler                         0x080001e3   Thumb Code     0  startup_stm32f10x_hd.o(.text)
    EXTI4_IRQHandler                         0x080001e3   Thumb Code     0  startup_stm32f10x_hd.o(.text)
    EXTI9_5_IRQHandler                       0x080001e3   Thumb Code     0  startup_stm32f10x_hd.o(.text)
    FLASH_IRQHandler                         0x080001e3   Thumb Code     0  startup_stm32f10x_hd.o(.text)
    FSMC_IRQHandler                          0x080001e3   Thumb Code     0  startup_stm32f10x_hd.o(.text)
    I2C1_ER_IRQHandler                       0x080001e3   Thumb Code     0  startup_stm32f10x_hd.o(.text)
    I2C1_EV_IRQHandler                       0x080001e3   Thumb Code     0  startup_stm32f10x_hd.o(.text)
    I2C2_ER_IRQHandler                       0x080001e3   Thumb Code     0  startup_stm32f10x_hd.o(.text)
    I2C2_EV_IRQHandler                       0x080001e3   Thumb Code     0  startup_stm32f10x_hd.o(.text)
    PVD_IRQHandler                           0x080001e3   Thumb Code     0  startup_stm32f10x_hd.o(.text)
    RCC_IRQHandler                           0x080001e3   Thumb Code     0  startup_stm32f10x_hd.o(.text)
    RTCAlarm_IRQHandler                      0x080001e3   Thumb Code     0  startup_stm32f10x_hd.o(.text)
    RTC_IRQHandler                           0x080001e3   Thumb Code     0  startup_stm32f10x_hd.o(.text)
    SDIO_IRQHandler                          0x080001e3   Thumb Code     0  startup_stm32f10x_hd.o(.text)
    SPI1_IRQHandler                          0x080001e3   Thumb Code     0  startup_stm32f10x_hd.o(.text)
    SPI2_IRQHandler                          0x080001e3   Thumb Code     0  startup_stm32f10x_hd.o(.text)
    SPI3_IRQHandler                          0x080001e3   Thumb Code     0  startup_stm32f10x_hd.o(.text)
    TAMPER_IRQHandler                        0x080001e3   Thumb Code     0  startup_stm32f10x_hd.o(.text)
    TIM1_BRK_IRQHandler                      0x080001e3   Thumb Code     0  startup_stm32f10x_hd.o(.text)
    TIM1_CC_IRQHandler                       0x080001e3   Thumb Code     0  startup_stm32f10x_hd.o(.text)
    TIM1_TRG_COM_IRQHandler                  0x080001e3   Thumb Code     0  startup_stm32f10x_hd.o(.text)
    TIM2_IRQHandler                          0x080001e3   Thumb Code     0  startup_stm32f10x_hd.o(.text)
    TIM4_IRQHandler                          0x080001e3   Thumb Code     0  startup_stm32f10x_hd.o(.text)
    TIM5_IRQHandler                          0x080001e3   Thumb Code     0  startup_stm32f10x_hd.o(.text)
    TIM6_IRQHandler                          0x080001e3   Thumb Code     0  startup_stm32f10x_hd.o(.text)
    TIM7_IRQHandler                          0x080001e3   Thumb Code     0  startup_stm32f10x_hd.o(.text)
    TIM8_BRK_IRQHandler                      0x080001e3   Thumb Code     0  startup_stm32f10x_hd.o(.text)
    TIM8_CC_IRQHandler                       0x080001e3   Thumb Code     0  startup_stm32f10x_hd.o(.text)
    TIM8_TRG_COM_IRQHandler                  0x080001e3   Thumb Code     0  startup_stm32f10x_hd.o(.text)
    TIM8_UP_IRQHandler                       0x080001e3   Thumb Code     0  startup_stm32f10x_hd.o(.text)
    UART4_IRQHandler                         0x080001e3   Thumb Code     0  startup_stm32f10x_hd.o(.text)
    UART5_IRQHandler                         0x080001e3   Thumb Code     0  startup_stm32f10x_hd.o(.text)
    USBWakeUp_IRQHandler                     0x080001e3   Thumb Code     0  startup_stm32f10x_hd.o(.text)
    USB_HP_CAN1_TX_IRQHandler                0x080001e3   Thumb Code     0  startup_stm32f10x_hd.o(.text)
    USB_LP_CAN1_RX0_IRQHandler               0x080001e3   Thumb Code     0  startup_stm32f10x_hd.o(.text)
    WWDG_IRQHandler                          0x080001e3   Thumb Code     0  startup_stm32f10x_hd.o(.text)
    __user_initial_stackheap                 0x080001e5   Thumb Code     0  startup_stm32f10x_hd.o(.text)
    __use_two_region_memory                  0x08000205   Thumb Code     2  heapauxi.o(.text)
    __rt_heap_escrow$2region                 0x08000207   Thumb Code     2  heapauxi.o(.text)
    __rt_heap_expand$2region                 0x08000209   Thumb Code     2  heapauxi.o(.text)
    __user_setup_stackheap                   0x0800020b   Thumb Code    74  sys_stackheap_outer.o(.text)
    exit                                     0x08000255   Thumb Code    12  exit.o(.text)
    __user_libspace                          0x08000261   Thumb Code     8  libspace.o(.text)
    __user_perproc_libspace                  0x08000261   Thumb Code     0  libspace.o(.text)
    __user_perthread_libspace                0x08000261   Thumb Code     0  libspace.o(.text)
    _sys_exit                                0x08000269   Thumb Code     8  sys_exit.o(.text)
    __I$use$semihosting                      0x08000275   Thumb Code     0  use_no_semi.o(.text)
    __use_no_semihosting_swi                 0x08000275   Thumb Code     2  use_no_semi.o(.text)
    __semihosting_library_function           0x08000277   Thumb Code     0  indicate_semi.o(.text)
    DMA1_Channel7_IRQHandler                 0x08000279   Thumb Code    68  zigbee_usart.o(i.DMA1_Channel7_IRQHandler)
    JTAG_Set                                 0x080002c5   Thumb Code    38  sys.o(i.JTAG_Set)
    MY_NVIC_Init                             0x080002f5   Thumb Code   144  sys.o(i.MY_NVIC_Init)
    MY_NVIC_PriorityGroupConfig              0x0800038d   Thumb Code    32  sys.o(i.MY_NVIC_PriorityGroupConfig)
    TIM1_UP_IRQHandler                       0x080003b5   Thumb Code    42  tim1.o(i.TIM1_UP_IRQHandler)
    TIM3_IRQHandler                          0x080003e5   Thumb Code    30  a4988.o(i.TIM3_IRQHandler)
    USART1_IRQHandler                        0x0800040d   Thumb Code    68  debug_usart.o(i.USART1_IRQHandler)
    USART2_IRQHandler                        0x08000461   Thumb Code    66  zigbee_usart.o(i.USART2_IRQHandler)
    USART3_IRQHandler                        0x080004b5   Thumb Code    66  usart3.o(i.USART3_IRQHandler)
    delayInit                                0x08000509   Thumb Code    56  jpstm32_sysclk.o(i.delayInit)
    delayMs                                  0x08000549   Thumb Code    56  jpstm32_sysclk.o(i.delayMs)
    main                                     0x08000585   Thumb Code   104  main.o(i.main)
    nvicSetVector                            0x080005fd   Thumb Code    12  jpstm32_nvic.o(i.nvicSetVector)
    put_c                                    0x08000611   Thumb Code    28  debug_usart.o(i.put_c)
    sysclkInit                               0x08000699   Thumb Code   114  jpstm32_sysclk.o(i.sysclkInit)
    usart_init                               0x08000715   Thumb Code   326  debug_usart.o(i.usart_init)
    zigbee_send                              0x08000879   Thumb Code    40  zigbee_usart.o(i.zigbee_send)
    zigbee_usart_init                        0x080008a5   Thumb Code   370  zigbee_usart.o(i.zigbee_usart_init)
    __aeabi_fadd                             0x08000a39   Thumb Code     0  faddsub_clz.o(x$fpl$fadd)
    _fadd                                    0x08000a39   Thumb Code   196  faddsub_clz.o(x$fpl$fadd)
    __aeabi_fdiv                             0x08000afd   Thumb Code     0  fdiv.o(x$fpl$fdiv)
    _fdiv                                    0x08000afd   Thumb Code   384  fdiv.o(x$fpl$fdiv)
    __aeabi_f2uiz                            0x08000c81   Thumb Code     0  ffixu.o(x$fpl$ffixu)
    _ffixu                                   0x08000c81   Thumb Code    62  ffixu.o(x$fpl$ffixu)
    __aeabi_ui2f                             0x08000cc1   Thumb Code     0  fflt_clz.o(x$fpl$ffltu)
    _ffltu                                   0x08000cc1   Thumb Code    38  fflt_clz.o(x$fpl$ffltu)
    __aeabi_fmul                             0x08000ce9   Thumb Code     0  fmul.o(x$fpl$fmul)
    _fmul                                    0x08000ce9   Thumb Code   258  fmul.o(x$fpl$fmul)
    __fpl_fnaninf                            0x08000deb   Thumb Code   140  fnaninf.o(x$fpl$fnaninf)
    __fpl_fretinf                            0x08000e77   Thumb Code    10  fretinf.o(x$fpl$fretinf)
    __aeabi_frsub                            0x08000e81   Thumb Code     0  faddsub_clz.o(x$fpl$frsb)
    _frsb                                    0x08000e81   Thumb Code    20  faddsub_clz.o(x$fpl$frsb)
    __aeabi_fsub                             0x08000e95   Thumb Code     0  faddsub_clz.o(x$fpl$fsub)
    _fsub                                    0x08000e95   Thumb Code   234  faddsub_clz.o(x$fpl$fsub)
    __I$use$fp                               0x08000f7e   Number         0  usenofp.o(x$fpl$usenofp)
    Region$$Table$$Base                      0x08000f80   Number         0  anon$$obj.o(Region$$Table)
    Region$$Table$$Limit                     0x08000fa0   Number         0  anon$$obj.o(Region$$Table)
    usart_tx_status                          0x20000000   Data           1  debug_usart.o(.data)
    usart_buffer_overflow_flag               0x20000001   Data           1  debug_usart.o(.data)
    Usart1_RFinish                           0x20000002   Data           1  debug_usart.o(.data)
    UsartDataLen                             0x20000003   Data           1  usart3.o(.data)
    Usart3RX_L                               0x20000004   Data           1  usart3.o(.data)
    UsartR_Finished                          0x20000005   Data           1  usart3.o(.data)
    ZigBee_usart_tx_status                   0x20000006   Data           1  zigbee_usart.o(.data)
    zigbee_buffer_overflow_flag              0x20000007   Data           1  zigbee_usart.o(.data)
    ZigbeeR_Size                             0x20000008   Data           1  zigbee_usart.o(.data)
    ZigbeeR_Finish                           0x20000009   Data           1  zigbee_usart.o(.data)
    Usart1_RBuffer                           0x20000010   Data          50  debug_usart.o(.bss)
    usart_buffer                             0x20000042   Data          56  debug_usart.o(.bss)
    zigbee_buffer                            0x2000007a   Data         256  zigbee_usart.o(.bss)
    __libspace_start                         0x2000017c   Data          96  libspace.o(.bss)
    __temporary_stack_top$libspace           0x200001dc   Data           0  libspace.o(.bss)



==============================================================================

Memory Map of the image

  Image Entry point : 0x08000131

  Load Region LR_IROM1 (Base: 0x08000000, Size: 0x00000fb0, Max: 0x00080000, ABSOLUTE)

    Execution Region ER_IROM1 (Base: 0x08000000, Size: 0x00000fa0, Max: 0x00080000, ABSOLUTE)

    Base Addr    Size         Type   Attr      Idx    E Section Name        Object

    0x08000000   0x00000130   Data   RO          868    RESET               startup_stm32f10x_hd.o
    0x08000130   0x00000008   Code   RO          877  * !!!main             c_w.l(__main.o)
    0x08000138   0x00000034   Code   RO         1086    !!!scatter          c_w.l(__scatter.o)
    0x0800016c   0x0000001a   Code   RO         1088    !!handler_copy      c_w.l(__scatter_copy.o)
    0x08000186   0x00000002   PAD
    0x08000188   0x0000001c   Code   RO         1090    !!handler_zi        c_w.l(__scatter_zi.o)
    0x080001a4   0x00000002   Code   RO          957    .ARM.Collect$$libinit$$00000000  c_w.l(libinit.o)
    0x080001a6   0x00000000   Code   RO          964    .ARM.Collect$$libinit$$00000002  c_w.l(libinit2.o)
    0x080001a6   0x00000000   Code   RO          966    .ARM.Collect$$libinit$$00000004  c_w.l(libinit2.o)
    0x080001a6   0x00000000   Code   RO          969    .ARM.Collect$$libinit$$0000000A  c_w.l(libinit2.o)
    0x080001a6   0x00000000   Code   RO          971    .ARM.Collect$$libinit$$0000000C  c_w.l(libinit2.o)
    0x080001a6   0x00000000   Code   RO          973    .ARM.Collect$$libinit$$0000000E  c_w.l(libinit2.o)
    0x080001a6   0x00000000   Code   RO          976    .ARM.Collect$$libinit$$00000011  c_w.l(libinit2.o)
    0x080001a6   0x00000000   Code   RO          978    .ARM.Collect$$libinit$$00000013  c_w.l(libinit2.o)
    0x080001a6   0x00000000   Code   RO          980    .ARM.Collect$$libinit$$00000015  c_w.l(libinit2.o)
    0x080001a6   0x00000000   Code   RO          982    .ARM.Collect$$libinit$$00000017  c_w.l(libinit2.o)
    0x080001a6   0x00000000   Code   RO          984    .ARM.Collect$$libinit$$00000019  c_w.l(libinit2.o)
    0x080001a6   0x00000000   Code   RO          986    .ARM.Collect$$libinit$$0000001B  c_w.l(libinit2.o)
    0x080001a6   0x00000000   Code   RO          988    .ARM.Collect$$libinit$$0000001D  c_w.l(libinit2.o)
    0x080001a6   0x00000000   Code   RO          990    .ARM.Collect$$libinit$$0000001F  c_w.l(libinit2.o)
    0x080001a6   0x00000000   Code   RO          992    .ARM.Collect$$libinit$$00000021  c_w.l(libinit2.o)
    0x080001a6   0x00000000   Code   RO          994    .ARM.Collect$$libinit$$00000023  c_w.l(libinit2.o)
    0x080001a6   0x00000000   Code   RO          996    .ARM.Collect$$libinit$$00000025  c_w.l(libinit2.o)
    0x080001a6   0x00000000   Code   RO         1000    .ARM.Collect$$libinit$$0000002C  c_w.l(libinit2.o)
    0x080001a6   0x00000000   Code   RO         1002    .ARM.Collect$$libinit$$0000002E  c_w.l(libinit2.o)
    0x080001a6   0x00000000   Code   RO         1004    .ARM.Collect$$libinit$$00000030  c_w.l(libinit2.o)
    0x080001a6   0x00000000   Code   RO         1006    .ARM.Collect$$libinit$$00000032  c_w.l(libinit2.o)
    0x080001a6   0x00000002   Code   RO         1007    .ARM.Collect$$libinit$$00000033  c_w.l(libinit2.o)
    0x080001a8   0x00000002   Code   RO         1027    .ARM.Collect$$libshutdown$$00000000  c_w.l(libshutdown.o)
    0x080001aa   0x00000000   Code   RO         1041    .ARM.Collect$$libshutdown$$00000003  c_w.l(libshutdown2.o)
    0x080001aa   0x00000000   Code   RO         1044    .ARM.Collect$$libshutdown$$00000006  c_w.l(libshutdown2.o)
    0x080001aa   0x00000000   Code   RO         1047    .ARM.Collect$$libshutdown$$00000009  c_w.l(libshutdown2.o)
    0x080001aa   0x00000000   Code   RO         1049    .ARM.Collect$$libshutdown$$0000000B  c_w.l(libshutdown2.o)
    0x080001aa   0x00000000   Code   RO         1052    .ARM.Collect$$libshutdown$$0000000E  c_w.l(libshutdown2.o)
    0x080001aa   0x00000002   Code   RO         1053    .ARM.Collect$$libshutdown$$0000000F  c_w.l(libshutdown2.o)
    0x080001ac   0x00000000   Code   RO          923    .ARM.Collect$$rtentry$$00000000  c_w.l(__rtentry.o)
    0x080001ac   0x00000000   Code   RO          934    .ARM.Collect$$rtentry$$00000002  c_w.l(__rtentry2.o)
    0x080001ac   0x00000006   Code   RO          946    .ARM.Collect$$rtentry$$00000004  c_w.l(__rtentry4.o)
    0x080001b2   0x00000000   Code   RO          936    .ARM.Collect$$rtentry$$00000009  c_w.l(__rtentry2.o)
    0x080001b2   0x00000004   Code   RO          937    .ARM.Collect$$rtentry$$0000000A  c_w.l(__rtentry2.o)
    0x080001b6   0x00000000   Code   RO          939    .ARM.Collect$$rtentry$$0000000C  c_w.l(__rtentry2.o)
    0x080001b6   0x00000008   Code   RO          940    .ARM.Collect$$rtentry$$0000000D  c_w.l(__rtentry2.o)
    0x080001be   0x00000002   Code   RO          961    .ARM.Collect$$rtexit$$00000000  c_w.l(rtexit.o)
    0x080001c0   0x00000000   Code   RO         1009    .ARM.Collect$$rtexit$$00000002  c_w.l(rtexit2.o)
    0x080001c0   0x00000004   Code   RO         1010    .ARM.Collect$$rtexit$$00000003  c_w.l(rtexit2.o)
    0x080001c4   0x00000006   Code   RO         1011    .ARM.Collect$$rtexit$$00000004  c_w.l(rtexit2.o)
    0x080001ca   0x00000002   PAD
    0x080001cc   0x00000038   Code   RO          869    .text               startup_stm32f10x_hd.o
    0x08000204   0x00000006   Code   RO          875    .text               c_w.l(heapauxi.o)
    0x0800020a   0x0000004a   Code   RO          948    .text               c_w.l(sys_stackheap_outer.o)
    0x08000254   0x0000000c   Code   RO          950    .text               c_w.l(exit.o)
    0x08000260   0x00000008   Code   RO          958    .text               c_w.l(libspace.o)
    0x08000268   0x0000000c   Code   RO         1019    .text               c_w.l(sys_exit.o)
    0x08000274   0x00000002   Code   RO         1030    .text               c_w.l(use_no_semi.o)
    0x08000276   0x00000000   Code   RO         1032    .text               c_w.l(indicate_semi.o)
    0x08000276   0x00000002   PAD
    0x08000278   0x0000004c   Code   RO          562    i.DMA1_Channel7_IRQHandler  zigbee_usart.o
    0x080002c4   0x00000030   Code   RO          771    i.JTAG_Set          sys.o
    0x080002f4   0x00000098   Code   RO          773    i.MY_NVIC_Init      sys.o
    0x0800038c   0x00000028   Code   RO          774    i.MY_NVIC_PriorityGroupConfig  sys.o
    0x080003b4   0x00000030   Code   RO          846    i.TIM1_UP_IRQHandler  tim1.o
    0x080003e4   0x00000028   Code   RO          514    i.TIM3_IRQHandler   a4988.o
    0x0800040c   0x00000054   Code   RO          193    i.USART1_IRQHandler  debug_usart.o
    0x08000460   0x00000054   Code   RO          563    i.USART2_IRQHandler  zigbee_usart.o
    0x080004b4   0x00000054   Code   RO          227    i.USART3_IRQHandler  usart3.o
    0x08000508   0x00000040   Code   RO          703    i.delayInit         jpstm32_sysclk.o
    0x08000548   0x0000003c   Code   RO          704    i.delayMs           jpstm32_sysclk.o
    0x08000584   0x00000078   Code   RO            1    i.main              main.o
    0x080005fc   0x00000014   Code   RO          646    i.nvicSetVector     jpstm32_nvic.o
    0x08000610   0x00000020   Code   RO          194    i.put_c             debug_usart.o
    0x08000630   0x00000068   Code   RO          706    i.rccInit           jpstm32_sysclk.o
    0x08000698   0x0000007c   Code   RO          707    i.sysclkInit        jpstm32_sysclk.o
    0x08000714   0x00000164   Code   RO          195    i.usart_init        debug_usart.o
    0x08000878   0x0000002c   Code   RO          564    i.zigbee_send       zigbee_usart.o
    0x080008a4   0x00000194   Code   RO          565    i.zigbee_usart_init  zigbee_usart.o
    0x08000a38   0x000000c4   Code   RO          901    x$fpl$fadd          fz_ws.l(faddsub_clz.o)
    0x08000afc   0x00000184   Code   RO          908    x$fpl$fdiv          fz_ws.l(fdiv.o)
    0x08000c80   0x0000003e   Code   RO          911    x$fpl$ffixu         fz_ws.l(ffixu.o)
    0x08000cbe   0x00000002   PAD
    0x08000cc0   0x00000026   Code   RO          915    x$fpl$ffltu         fz_ws.l(fflt_clz.o)
    0x08000ce6   0x00000002   PAD
    0x08000ce8   0x00000102   Code   RO          921    x$fpl$fmul          fz_ws.l(fmul.o)
    0x08000dea   0x0000008c   Code   RO          928    x$fpl$fnaninf       fz_ws.l(fnaninf.o)
    0x08000e76   0x0000000a   Code   RO          930    x$fpl$fretinf       fz_ws.l(fretinf.o)
    0x08000e80   0x00000014   Code   RO          902    x$fpl$frsb          fz_ws.l(faddsub_clz.o)
    0x08000e94   0x000000ea   Code   RO          903    x$fpl$fsub          fz_ws.l(faddsub_clz.o)
    0x08000f7e   0x00000000   Code   RO          932    x$fpl$usenofp       fz_ws.l(usenofp.o)
    0x08000f7e   0x00000002   PAD
    0x08000f80   0x00000020   Data   RO         1084    Region$$Table       anon$$obj.o


    Execution Region RW_IRAM1 (Base: 0x20000000, Size: 0x000045e0, Max: 0x00010000, ABSOLUTE)

    Base Addr    Size         Type   Attr      Idx    E Section Name        Object

    0x20000000   0x00000003   Data   RW          198    .data               debug_usart.o
    0x20000003   0x00000003   Data   RW          231    .data               usart3.o
    0x20000006   0x00000004   Data   RW          567    .data               zigbee_usart.o
    0x2000000a   0x00000004   Data   RW          708    .data               jpstm32_sysclk.o
    0x2000000e   0x00000002   PAD
    0x20000010   0x0000006a   Zero   RW          197    .bss                debug_usart.o
    0x2000007a   0x00000100   Zero   RW          566    .bss                zigbee_usart.o
    0x2000017a   0x00000002   PAD
    0x2000017c   0x00000060   Zero   RW          959    .bss                c_w.l(libspace.o)
    0x200001dc   0x00000004   PAD
    0x200001e0   0x00000400   Zero   RW          867    HEAP                startup_stm32f10x_hd.o
    0x200005e0   0x00004000   Zero   RW          866    STACK               startup_stm32f10x_hd.o


==============================================================================

Image component sizes


      Code (inc. data)   RO Data    RW Data    ZI Data      Debug   Object Name

        40         10          0          0          0        434   a4988.o
         0          0          0          0          0         32   core_cm3.o
       472         50          0          3        106       2661   debug_usart.o
        20          8          0          0          0        500   jpstm32_nvic.o
       352         36          0          4          0       2135   jpstm32_sysclk.o
       120         16          0          0          0       3147   main.o
        56         22        304          0      17408        788   startup_stm32f10x_hd.o
       240         26          0          0          0       1696   sys.o
        48          6          0          0          0        425   tim1.o
        84         18          0          3          0       1227   usart3.o
       608         64          0          4        256       3180   zigbee_usart.o

    ----------------------------------------------------------------------
      2040        256        336         16      17772      16225   Object Totals
         0          0         32          0          0          0   (incl. Generated)
         0          0          0          2          2          0   (incl. Padding)

    ----------------------------------------------------------------------

      Code (inc. data)   RO Data    RW Data    ZI Data      Debug   Library Member Name

         8          0          0          0          0         68   __main.o
         0          0          0          0          0          0   __rtentry.o
        12          0          0          0          0          0   __rtentry2.o
         6          0          0          0          0          0   __rtentry4.o
        52          8          0          0          0          0   __scatter.o
        26          0          0          0          0          0   __scatter_copy.o
        28          0          0          0          0          0   __scatter_zi.o
        12          0          0          0          0         72   exit.o
         6          0          0          0          0        152   heapauxi.o
         0          0          0          0          0          0   indicate_semi.o
         2          0          0          0          0          0   libinit.o
         2          0          0          0          0          0   libinit2.o
         2          0          0          0          0          0   libshutdown.o
         2          0          0          0          0          0   libshutdown2.o
         8          4          0          0         96         68   libspace.o
         2          0          0          0          0          0   rtexit.o
        10          0          0          0          0          0   rtexit2.o
        12          4          0          0          0         68   sys_exit.o
        74          0          0          0          0         80   sys_stackheap_outer.o
         2          0          0          0          0         68   use_no_semi.o
       450          8          0          0          0        236   faddsub_clz.o
       388         76          0          0          0         96   fdiv.o
        62          4          0          0          0         84   ffixu.o
        38          0          0          0          0         68   fflt_clz.o
       258          4          0          0          0         84   fmul.o
       140          4          0          0          0         84   fnaninf.o
        10          0          0          0          0         68   fretinf.o
         0          0          0          0          0          0   usenofp.o

    ----------------------------------------------------------------------
      1624        112          0          0        100       1296   Library Totals
        12          0          0          0          4          0   (incl. Padding)

    ----------------------------------------------------------------------

      Code (inc. data)   RO Data    RW Data    ZI Data      Debug   Library Name

       266         16          0          0         96        576   c_w.l
      1346         96          0          0          0        720   fz_ws.l

    ----------------------------------------------------------------------
      1624        112          0          0        100       1296   Library Totals

    ----------------------------------------------------------------------

==============================================================================


      Code (inc. data)   RO Data    RW Data    ZI Data      Debug   

      3664        368        336         16      17872      16061   Grand Totals
      3664        368        336         16      17872      16061   ELF Image Totals
      3664        368        336         16          0          0   ROM Totals

==============================================================================

    Total RO  Size (Code + RO Data)                 4000 (   3.91kB)
    Total RW  Size (RW Data + ZI Data)             17888 (  17.47kB)
    Total ROM Size (Code + RO Data + RW Data)       4016 (   3.92kB)

==============================================================================

